Simulator report for indata_changer
Sun Jan 26 13:01:54 2014
Quartus II Version 7.1 Build 156 04/30/2007 SJ Full Version


---------------------
; Table of Contents ;
---------------------
  1. Legal Notice
  2. Simulator Summary
  3. Simulator Settings
  4. Simulation Waveforms
  5. Coverage Summary
  6. Complete 1/0-Value Coverage
  7. Missing 1-Value Coverage
  8. Missing 0-Value Coverage
  9. Simulator INI Usage
 10. Simulator Messages



----------------
; Legal Notice ;
----------------
Copyright (C) 1991-2007 Altera Corporation
Your use of Altera Corporation's design tools, logic functions 
and other software and tools, and its AMPP partner logic 
functions, and any output files from any of the foregoing 
(including device programming or simulation files), and any 
associated documentation or information are expressly subject 
to the terms and conditions of the Altera Program License 
Subscription Agreement, Altera MegaCore Function License 
Agreement, or other applicable license agreement, including, 
without limitation, that your use is for the sole purpose of 
programming logic devices manufactured by Altera and sold by 
Altera or its authorized distributors.  Please refer to the 
applicable agreement for further details.



+--------------------------------------------+
; Simulator Summary                          ;
+-----------------------------+--------------+
; Type                        ; Value        ;
+-----------------------------+--------------+
; Simulation Start Time       ; 0 ps         ;
; Simulation End Time         ; 1.0 us       ;
; Simulation Netlist Size     ; 410 nodes    ;
; Simulation Coverage         ;      18.78 % ;
; Total Number of Transitions ; 1050         ;
; Simulation Breakpoints      ; 0            ;
; Family                      ; Cyclone III  ;
; Device                      ; EP3C5F256C7  ;
+-----------------------------+--------------+


+-------------------------------------------------------------------------------------------------------------------------+
; Simulator Settings                                                                                                      ;
+--------------------------------------------------------------------------------------------+------------+---------------+
; Option                                                                                     ; Setting    ; Default Value ;
+--------------------------------------------------------------------------------------------+------------+---------------+
; Simulation mode                                                                            ; Timing     ; Timing        ;
; Start time                                                                                 ; 0 ns       ; 0 ns          ;
; Simulation results format                                                                  ; CVWF       ;               ;
; Add pins automatically to simulation output waveforms                                      ; On         ; On            ;
; Check outputs                                                                              ; Off        ; Off           ;
; Report simulation coverage                                                                 ; On         ; On            ;
; Display complete 1/0 value coverage report                                                 ; On         ; On            ;
; Display missing 1-value coverage report                                                    ; On         ; On            ;
; Display missing 0-value coverage report                                                    ; On         ; On            ;
; Detect setup and hold time violations                                                      ; Off        ; Off           ;
; Detect glitches                                                                            ; Off        ; Off           ;
; Disable timing delays in Timing Simulation                                                 ; Off        ; Off           ;
; Generate Signal Activity File                                                              ; Off        ; Off           ;
; Generate VCD File for PowerPlay Power Analyzer                                             ; Off        ; Off           ;
; Group bus channels in simulation results                                                   ; Off        ; Off           ;
; Preserve fewer signal transitions to reduce memory requirements                            ; On         ; On            ;
; Trigger vector comparison with the specified mode                                          ; INPUT_EDGE ; INPUT_EDGE    ;
; Disable setup and hold time violations detection in input registers of bi-directional pins ; Off        ; Off           ;
; Overwrite Waveform Inputs With Simulation Outputs                                          ; Off        ;               ;
; Perform Glitch Filtering in Timing Simulation                                              ; Auto       ; Auto          ;
; Interconnect Delay Model Type                                                              ; Transport  ; Transport     ;
; Cell Delay Model Type                                                                      ; Transport  ; Transport     ;
; Simulator PVT Timing Model Type                                                            ; Auto       ; Auto          ;
+--------------------------------------------------------------------------------------------+------------+---------------+


+----------------------+
; Simulation Waveforms ;
+----------------------+
Waveform report data cannot be output to ASCII.
Please use Quartus II to view the waveform report data.


+--------------------------------------------------------------------+
; Coverage Summary                                                   ;
+-----------------------------------------------------+--------------+
; Type                                                ; Value        ;
+-----------------------------------------------------+--------------+
; Total coverage as a percentage                      ;      18.78 % ;
; Total nodes checked                                 ; 410          ;
; Total output ports checked                          ; 410          ;
; Total output ports with complete 1/0-value coverage ; 77           ;
; Total output ports with no 1/0-value coverage       ; 330          ;
; Total output ports with no 1-value coverage         ; 330          ;
; Total output ports with no 0-value coverage         ; 333          ;
+-----------------------------------------------------+--------------+


The following table displays output ports that toggle between 1 and 0 during simulation.
+--------------------------------------------------------------------------------------------------------+
; Complete 1/0-Value Coverage                                                                            ;
+------------------------------------------+------------------------------------------+------------------+
; Node Name                                ; Output Port Name                         ; Output Port Type ;
+------------------------------------------+------------------------------------------+------------------+
; |indata_changer|parity_trg               ; |indata_changer|parity_trg               ; q                ;
; |indata_changer|actual_data_ff[0]        ; |indata_changer|actual_data_ff[0]        ; q                ;
; |indata_changer|actual_data_ff[1]        ; |indata_changer|actual_data_ff[1]        ; q                ;
; |indata_changer|actual_data_ff[2]        ; |indata_changer|actual_data_ff[2]        ; q                ;
; |indata_changer|actual_data_ff[3]        ; |indata_changer|actual_data_ff[3]        ; q                ;
; |indata_changer|data_high_fifo~37        ; |indata_changer|data_high_fifo~37        ; combout          ;
; |indata_changer|data_high_fifo~1540      ; |indata_changer|data_high_fifo~1540      ; combout          ;
; |indata_changer|data_high_fifo~1541      ; |indata_changer|data_high_fifo~1541      ; combout          ;
; |indata_changer|data_high_fifo~1542      ; |indata_changer|data_high_fifo~1542      ; combout          ;
; |indata_changer|data_high_fifo~1543      ; |indata_changer|data_high_fifo~1543      ; combout          ;
; |indata_changer|data_high_fifo~1544      ; |indata_changer|data_high_fifo~1544      ; combout          ;
; |indata_changer|data_high_fifo~1545      ; |indata_changer|data_high_fifo~1545      ; combout          ;
; |indata_changer|data_low_fifo~1496       ; |indata_changer|data_low_fifo~1496       ; combout          ;
; |indata_changer|data_high_fifo~1         ; |indata_changer|data_high_fifo~1         ; combout          ;
; |indata_changer|data_low_fifo~1497       ; |indata_changer|data_low_fifo~1497       ; combout          ;
; |indata_changer|data_low_fifo~1498       ; |indata_changer|data_low_fifo~1498       ; combout          ;
; |indata_changer|data_low_fifo~1499       ; |indata_changer|data_low_fifo~1499       ; combout          ;
; |indata_changer|data_low_fifo~1500       ; |indata_changer|data_low_fifo~1500       ; combout          ;
; |indata_changer|wr_req_fifo~68           ; |indata_changer|wr_req_fifo~68           ; combout          ;
; |indata_changer|parity_trg~138           ; |indata_changer|parity_trg~138           ; combout          ;
; |indata_changer|actual_data_register~44  ; |indata_changer|actual_data_register~44  ; combout          ;
; |indata_changer|actual_data_ff~2893      ; |indata_changer|actual_data_ff~2893      ; combout          ;
; |indata_changer|actual_data_ff[30]~2894  ; |indata_changer|actual_data_ff[30]~2894  ; combout          ;
; |indata_changer|actual_data_ff[30]~2895  ; |indata_changer|actual_data_ff[30]~2895  ; combout          ;
; |indata_changer|actual_data_ff~2896      ; |indata_changer|actual_data_ff~2896      ; combout          ;
; |indata_changer|actual_data_ff~2897      ; |indata_changer|actual_data_ff~2897      ; combout          ;
; |indata_changer|actual_data_ff~2898      ; |indata_changer|actual_data_ff~2898      ; combout          ;
; |indata_changer|actual_data_ff~2899      ; |indata_changer|actual_data_ff~2899      ; combout          ;
; |indata_changer|data_high_fifo[0]~output ; |indata_changer|data_high_fifo[0]~output ; o                ;
; |indata_changer|data_high_fifo[0]        ; |indata_changer|data_high_fifo[0]        ; padout           ;
; |indata_changer|data_high_fifo[1]~output ; |indata_changer|data_high_fifo[1]~output ; o                ;
; |indata_changer|data_high_fifo[1]        ; |indata_changer|data_high_fifo[1]        ; padout           ;
; |indata_changer|data_high_fifo[2]~output ; |indata_changer|data_high_fifo[2]~output ; o                ;
; |indata_changer|data_high_fifo[2]        ; |indata_changer|data_high_fifo[2]        ; padout           ;
; |indata_changer|data_high_fifo[3]~output ; |indata_changer|data_high_fifo[3]~output ; o                ;
; |indata_changer|data_high_fifo[3]        ; |indata_changer|data_high_fifo[3]        ; padout           ;
; |indata_changer|data_high_fifo[4]~output ; |indata_changer|data_high_fifo[4]~output ; o                ;
; |indata_changer|data_high_fifo[4]        ; |indata_changer|data_high_fifo[4]        ; padout           ;
; |indata_changer|data_low_fifo[0]~output  ; |indata_changer|data_low_fifo[0]~output  ; o                ;
; |indata_changer|data_low_fifo[0]         ; |indata_changer|data_low_fifo[0]         ; padout           ;
; |indata_changer|data_low_fifo[1]~output  ; |indata_changer|data_low_fifo[1]~output  ; o                ;
; |indata_changer|data_low_fifo[1]         ; |indata_changer|data_low_fifo[1]         ; padout           ;
; |indata_changer|data_low_fifo[2]~output  ; |indata_changer|data_low_fifo[2]~output  ; o                ;
; |indata_changer|data_low_fifo[2]         ; |indata_changer|data_low_fifo[2]         ; padout           ;
; |indata_changer|data_low_fifo[3]~output  ; |indata_changer|data_low_fifo[3]~output  ; o                ;
; |indata_changer|data_low_fifo[3]         ; |indata_changer|data_low_fifo[3]         ; padout           ;
; |indata_changer|wr_req_fifo~output       ; |indata_changer|wr_req_fifo~output       ; o                ;
; |indata_changer|wr_req_fifo              ; |indata_changer|wr_req_fifo              ; padout           ;
; |indata_changer|valid_low~input          ; |indata_changer|valid_low~input          ; o                ;
; |indata_changer|valid_low                ; |indata_changer|valid_low                ; padout           ;
; |indata_changer|data_high_in[0]~input    ; |indata_changer|data_high_in[0]~input    ; o                ;
; |indata_changer|data_high_in[0]          ; |indata_changer|data_high_in[0]          ; padout           ;
; |indata_changer|valid_high~input         ; |indata_changer|valid_high~input         ; o                ;
; |indata_changer|valid_high               ; |indata_changer|valid_high               ; padout           ;
; |indata_changer|data_low_in[0]~input     ; |indata_changer|data_low_in[0]~input     ; o                ;
; |indata_changer|data_low_in[0]           ; |indata_changer|data_low_in[0]           ; padout           ;
; |indata_changer|data_high_in[1]~input    ; |indata_changer|data_high_in[1]~input    ; o                ;
; |indata_changer|data_high_in[1]          ; |indata_changer|data_high_in[1]          ; padout           ;
; |indata_changer|data_low_in[1]~input     ; |indata_changer|data_low_in[1]~input     ; o                ;
; |indata_changer|data_low_in[1]           ; |indata_changer|data_low_in[1]           ; padout           ;
; |indata_changer|data_high_in[2]~input    ; |indata_changer|data_high_in[2]~input    ; o                ;
; |indata_changer|data_high_in[2]          ; |indata_changer|data_high_in[2]          ; padout           ;
; |indata_changer|data_low_in[2]~input     ; |indata_changer|data_low_in[2]~input     ; o                ;
; |indata_changer|data_low_in[2]           ; |indata_changer|data_low_in[2]           ; padout           ;
; |indata_changer|data_high_in[3]~input    ; |indata_changer|data_high_in[3]~input    ; o                ;
; |indata_changer|data_high_in[3]          ; |indata_changer|data_high_in[3]          ; padout           ;
; |indata_changer|data_low_in[3]~input     ; |indata_changer|data_low_in[3]~input     ; o                ;
; |indata_changer|data_low_in[3]           ; |indata_changer|data_low_in[3]           ; padout           ;
; |indata_changer|data_high_in[4]~input    ; |indata_changer|data_high_in[4]~input    ; o                ;
; |indata_changer|data_high_in[4]          ; |indata_changer|data_high_in[4]          ; padout           ;
; |indata_changer|indata_ena~input         ; |indata_changer|indata_ena~input         ; o                ;
; |indata_changer|indata_ena               ; |indata_changer|indata_ena               ; padout           ;
; |indata_changer|clk~input                ; |indata_changer|clk~input                ; o                ;
; |indata_changer|clk                      ; |indata_changer|clk                      ; padout           ;
; |indata_changer|soft_nReset~input        ; |indata_changer|soft_nReset~input        ; o                ;
; |indata_changer|soft_nReset              ; |indata_changer|soft_nReset              ; padout           ;
; |indata_changer|clk~inputclkctrl         ; |indata_changer|clk~inputclkctrl         ; outclk           ;
+------------------------------------------+------------------------------------------+------------------+


The following table displays output ports that do not toggle to 1 during simulation.
+----------------------------------------------------------------------------------------------------------+
; Missing 1-Value Coverage                                                                                 ;
+-------------------------------------------+-------------------------------------------+------------------+
; Node Name                                 ; Output Port Name                          ; Output Port Type ;
+-------------------------------------------+-------------------------------------------+------------------+
; |indata_changer|actual_data_ff[4]         ; |indata_changer|actual_data_ff[4]         ; q                ;
; |indata_changer|actual_data_ff[5]         ; |indata_changer|actual_data_ff[5]         ; q                ;
; |indata_changer|actual_data_ff[6]         ; |indata_changer|actual_data_ff[6]         ; q                ;
; |indata_changer|actual_data_ff[7]         ; |indata_changer|actual_data_ff[7]         ; q                ;
; |indata_changer|actual_data_ff[8]         ; |indata_changer|actual_data_ff[8]         ; q                ;
; |indata_changer|actual_data_ff[9]         ; |indata_changer|actual_data_ff[9]         ; q                ;
; |indata_changer|actual_data_ff[10]        ; |indata_changer|actual_data_ff[10]        ; q                ;
; |indata_changer|actual_data_ff[11]        ; |indata_changer|actual_data_ff[11]        ; q                ;
; |indata_changer|actual_data_ff[12]        ; |indata_changer|actual_data_ff[12]        ; q                ;
; |indata_changer|actual_data_ff[13]        ; |indata_changer|actual_data_ff[13]        ; q                ;
; |indata_changer|actual_data_ff[14]        ; |indata_changer|actual_data_ff[14]        ; q                ;
; |indata_changer|actual_data_ff[15]        ; |indata_changer|actual_data_ff[15]        ; q                ;
; |indata_changer|actual_data_ff[16]        ; |indata_changer|actual_data_ff[16]        ; q                ;
; |indata_changer|actual_data_ff[17]        ; |indata_changer|actual_data_ff[17]        ; q                ;
; |indata_changer|actual_data_ff[18]        ; |indata_changer|actual_data_ff[18]        ; q                ;
; |indata_changer|actual_data_ff[19]        ; |indata_changer|actual_data_ff[19]        ; q                ;
; |indata_changer|actual_data_ff[20]        ; |indata_changer|actual_data_ff[20]        ; q                ;
; |indata_changer|actual_data_ff[21]        ; |indata_changer|actual_data_ff[21]        ; q                ;
; |indata_changer|actual_data_ff[22]        ; |indata_changer|actual_data_ff[22]        ; q                ;
; |indata_changer|actual_data_ff[23]        ; |indata_changer|actual_data_ff[23]        ; q                ;
; |indata_changer|actual_data_ff[24]        ; |indata_changer|actual_data_ff[24]        ; q                ;
; |indata_changer|actual_data_ff[25]        ; |indata_changer|actual_data_ff[25]        ; q                ;
; |indata_changer|actual_data_ff[26]        ; |indata_changer|actual_data_ff[26]        ; q                ;
; |indata_changer|actual_data_ff[27]        ; |indata_changer|actual_data_ff[27]        ; q                ;
; |indata_changer|actual_data_ff[28]        ; |indata_changer|actual_data_ff[28]        ; q                ;
; |indata_changer|actual_data_ff[29]        ; |indata_changer|actual_data_ff[29]        ; q                ;
; |indata_changer|actual_data_ff[30]        ; |indata_changer|actual_data_ff[30]        ; q                ;
; |indata_changer|actual_data_ff[31]        ; |indata_changer|actual_data_ff[31]        ; q                ;
; |indata_changer|data_high_fifo~1546       ; |indata_changer|data_high_fifo~1546       ; combout          ;
; |indata_changer|data_high_fifo~1547       ; |indata_changer|data_high_fifo~1547       ; combout          ;
; |indata_changer|data_high_fifo~1548       ; |indata_changer|data_high_fifo~1548       ; combout          ;
; |indata_changer|data_high_fifo~1549       ; |indata_changer|data_high_fifo~1549       ; combout          ;
; |indata_changer|data_high_fifo~1550       ; |indata_changer|data_high_fifo~1550       ; combout          ;
; |indata_changer|data_high_fifo~1551       ; |indata_changer|data_high_fifo~1551       ; combout          ;
; |indata_changer|data_high_fifo~1552       ; |indata_changer|data_high_fifo~1552       ; combout          ;
; |indata_changer|data_high_fifo~1553       ; |indata_changer|data_high_fifo~1553       ; combout          ;
; |indata_changer|data_high_fifo~1554       ; |indata_changer|data_high_fifo~1554       ; combout          ;
; |indata_changer|data_high_fifo~1555       ; |indata_changer|data_high_fifo~1555       ; combout          ;
; |indata_changer|data_high_fifo~1556       ; |indata_changer|data_high_fifo~1556       ; combout          ;
; |indata_changer|data_high_fifo~1557       ; |indata_changer|data_high_fifo~1557       ; combout          ;
; |indata_changer|data_high_fifo~1558       ; |indata_changer|data_high_fifo~1558       ; combout          ;
; |indata_changer|data_high_fifo~1559       ; |indata_changer|data_high_fifo~1559       ; combout          ;
; |indata_changer|data_high_fifo~1560       ; |indata_changer|data_high_fifo~1560       ; combout          ;
; |indata_changer|data_high_fifo~1561       ; |indata_changer|data_high_fifo~1561       ; combout          ;
; |indata_changer|data_high_fifo~1562       ; |indata_changer|data_high_fifo~1562       ; combout          ;
; |indata_changer|data_high_fifo~1563       ; |indata_changer|data_high_fifo~1563       ; combout          ;
; |indata_changer|data_high_fifo~1564       ; |indata_changer|data_high_fifo~1564       ; combout          ;
; |indata_changer|data_high_fifo~1565       ; |indata_changer|data_high_fifo~1565       ; combout          ;
; |indata_changer|data_high_fifo~1566       ; |indata_changer|data_high_fifo~1566       ; combout          ;
; |indata_changer|data_high_fifo~1567       ; |indata_changer|data_high_fifo~1567       ; combout          ;
; |indata_changer|data_high_fifo~1568       ; |indata_changer|data_high_fifo~1568       ; combout          ;
; |indata_changer|data_high_fifo~1569       ; |indata_changer|data_high_fifo~1569       ; combout          ;
; |indata_changer|data_high_fifo~1570       ; |indata_changer|data_high_fifo~1570       ; combout          ;
; |indata_changer|data_high_fifo~1571       ; |indata_changer|data_high_fifo~1571       ; combout          ;
; |indata_changer|data_high_fifo~1572       ; |indata_changer|data_high_fifo~1572       ; combout          ;
; |indata_changer|data_low_fifo~1501        ; |indata_changer|data_low_fifo~1501        ; combout          ;
; |indata_changer|data_low_fifo~1502        ; |indata_changer|data_low_fifo~1502        ; combout          ;
; |indata_changer|data_low_fifo~1503        ; |indata_changer|data_low_fifo~1503        ; combout          ;
; |indata_changer|data_low_fifo~1504        ; |indata_changer|data_low_fifo~1504        ; combout          ;
; |indata_changer|data_low_fifo~1505        ; |indata_changer|data_low_fifo~1505        ; combout          ;
; |indata_changer|data_low_fifo~1506        ; |indata_changer|data_low_fifo~1506        ; combout          ;
; |indata_changer|data_low_fifo~1507        ; |indata_changer|data_low_fifo~1507        ; combout          ;
; |indata_changer|data_low_fifo~1508        ; |indata_changer|data_low_fifo~1508        ; combout          ;
; |indata_changer|data_low_fifo~1509        ; |indata_changer|data_low_fifo~1509        ; combout          ;
; |indata_changer|data_low_fifo~1510        ; |indata_changer|data_low_fifo~1510        ; combout          ;
; |indata_changer|data_low_fifo~1511        ; |indata_changer|data_low_fifo~1511        ; combout          ;
; |indata_changer|data_low_fifo~1512        ; |indata_changer|data_low_fifo~1512        ; combout          ;
; |indata_changer|data_low_fifo~1513        ; |indata_changer|data_low_fifo~1513        ; combout          ;
; |indata_changer|data_low_fifo~1514        ; |indata_changer|data_low_fifo~1514        ; combout          ;
; |indata_changer|data_low_fifo~1515        ; |indata_changer|data_low_fifo~1515        ; combout          ;
; |indata_changer|data_low_fifo~1516        ; |indata_changer|data_low_fifo~1516        ; combout          ;
; |indata_changer|data_low_fifo~1517        ; |indata_changer|data_low_fifo~1517        ; combout          ;
; |indata_changer|data_low_fifo~1518        ; |indata_changer|data_low_fifo~1518        ; combout          ;
; |indata_changer|data_low_fifo~1519        ; |indata_changer|data_low_fifo~1519        ; combout          ;
; |indata_changer|data_low_fifo~1520        ; |indata_changer|data_low_fifo~1520        ; combout          ;
; |indata_changer|data_low_fifo~1521        ; |indata_changer|data_low_fifo~1521        ; combout          ;
; |indata_changer|data_low_fifo~1522        ; |indata_changer|data_low_fifo~1522        ; combout          ;
; |indata_changer|data_low_fifo~1523        ; |indata_changer|data_low_fifo~1523        ; combout          ;
; |indata_changer|data_low_fifo~1524        ; |indata_changer|data_low_fifo~1524        ; combout          ;
; |indata_changer|data_low_fifo~1525        ; |indata_changer|data_low_fifo~1525        ; combout          ;
; |indata_changer|data_low_fifo~1526        ; |indata_changer|data_low_fifo~1526        ; combout          ;
; |indata_changer|data_low_fifo~1527        ; |indata_changer|data_low_fifo~1527        ; combout          ;
; |indata_changer|data_low_fifo~1528        ; |indata_changer|data_low_fifo~1528        ; combout          ;
; |indata_changer|actual_data_ff~2900       ; |indata_changer|actual_data_ff~2900       ; combout          ;
; |indata_changer|actual_data_ff~2901       ; |indata_changer|actual_data_ff~2901       ; combout          ;
; |indata_changer|actual_data_ff~2902       ; |indata_changer|actual_data_ff~2902       ; combout          ;
; |indata_changer|actual_data_ff~2903       ; |indata_changer|actual_data_ff~2903       ; combout          ;
; |indata_changer|actual_data_ff~2904       ; |indata_changer|actual_data_ff~2904       ; combout          ;
; |indata_changer|actual_data_ff~2905       ; |indata_changer|actual_data_ff~2905       ; combout          ;
; |indata_changer|actual_data_ff~2906       ; |indata_changer|actual_data_ff~2906       ; combout          ;
; |indata_changer|actual_data_ff~2907       ; |indata_changer|actual_data_ff~2907       ; combout          ;
; |indata_changer|actual_data_ff~2908       ; |indata_changer|actual_data_ff~2908       ; combout          ;
; |indata_changer|actual_data_ff~2909       ; |indata_changer|actual_data_ff~2909       ; combout          ;
; |indata_changer|actual_data_ff~2910       ; |indata_changer|actual_data_ff~2910       ; combout          ;
; |indata_changer|actual_data_ff~2911       ; |indata_changer|actual_data_ff~2911       ; combout          ;
; |indata_changer|actual_data_ff~2912       ; |indata_changer|actual_data_ff~2912       ; combout          ;
; |indata_changer|actual_data_ff~2913       ; |indata_changer|actual_data_ff~2913       ; combout          ;
; |indata_changer|actual_data_ff~2914       ; |indata_changer|actual_data_ff~2914       ; combout          ;
; |indata_changer|actual_data_ff~2915       ; |indata_changer|actual_data_ff~2915       ; combout          ;
; |indata_changer|actual_data_ff~2916       ; |indata_changer|actual_data_ff~2916       ; combout          ;
; |indata_changer|actual_data_ff~2917       ; |indata_changer|actual_data_ff~2917       ; combout          ;
; |indata_changer|actual_data_ff~2918       ; |indata_changer|actual_data_ff~2918       ; combout          ;
; |indata_changer|actual_data_ff~2919       ; |indata_changer|actual_data_ff~2919       ; combout          ;
; |indata_changer|actual_data_ff~2920       ; |indata_changer|actual_data_ff~2920       ; combout          ;
; |indata_changer|actual_data_ff~2921       ; |indata_changer|actual_data_ff~2921       ; combout          ;
; |indata_changer|actual_data_ff~2922       ; |indata_changer|actual_data_ff~2922       ; combout          ;
; |indata_changer|actual_data_ff~2923       ; |indata_changer|actual_data_ff~2923       ; combout          ;
; |indata_changer|actual_data_ff~2924       ; |indata_changer|actual_data_ff~2924       ; combout          ;
; |indata_changer|actual_data_ff~2925       ; |indata_changer|actual_data_ff~2925       ; combout          ;
; |indata_changer|actual_data_ff~2926       ; |indata_changer|actual_data_ff~2926       ; combout          ;
; |indata_changer|data_high_fifo[5]~output  ; |indata_changer|data_high_fifo[5]~output  ; o                ;
; |indata_changer|data_high_fifo[5]         ; |indata_changer|data_high_fifo[5]         ; padout           ;
; |indata_changer|data_high_fifo[6]~output  ; |indata_changer|data_high_fifo[6]~output  ; o                ;
; |indata_changer|data_high_fifo[6]         ; |indata_changer|data_high_fifo[6]         ; padout           ;
; |indata_changer|data_high_fifo[7]~output  ; |indata_changer|data_high_fifo[7]~output  ; o                ;
; |indata_changer|data_high_fifo[7]         ; |indata_changer|data_high_fifo[7]         ; padout           ;
; |indata_changer|data_high_fifo[8]~output  ; |indata_changer|data_high_fifo[8]~output  ; o                ;
; |indata_changer|data_high_fifo[8]         ; |indata_changer|data_high_fifo[8]         ; padout           ;
; |indata_changer|data_high_fifo[9]~output  ; |indata_changer|data_high_fifo[9]~output  ; o                ;
; |indata_changer|data_high_fifo[9]         ; |indata_changer|data_high_fifo[9]         ; padout           ;
; |indata_changer|data_high_fifo[10]~output ; |indata_changer|data_high_fifo[10]~output ; o                ;
; |indata_changer|data_high_fifo[10]        ; |indata_changer|data_high_fifo[10]        ; padout           ;
; |indata_changer|data_high_fifo[11]~output ; |indata_changer|data_high_fifo[11]~output ; o                ;
; |indata_changer|data_high_fifo[11]        ; |indata_changer|data_high_fifo[11]        ; padout           ;
; |indata_changer|data_high_fifo[12]~output ; |indata_changer|data_high_fifo[12]~output ; o                ;
; |indata_changer|data_high_fifo[12]        ; |indata_changer|data_high_fifo[12]        ; padout           ;
; |indata_changer|data_high_fifo[13]~output ; |indata_changer|data_high_fifo[13]~output ; o                ;
; |indata_changer|data_high_fifo[13]        ; |indata_changer|data_high_fifo[13]        ; padout           ;
; |indata_changer|data_high_fifo[14]~output ; |indata_changer|data_high_fifo[14]~output ; o                ;
; |indata_changer|data_high_fifo[14]        ; |indata_changer|data_high_fifo[14]        ; padout           ;
; |indata_changer|data_high_fifo[15]~output ; |indata_changer|data_high_fifo[15]~output ; o                ;
; |indata_changer|data_high_fifo[15]        ; |indata_changer|data_high_fifo[15]        ; padout           ;
; |indata_changer|data_high_fifo[16]~output ; |indata_changer|data_high_fifo[16]~output ; o                ;
; |indata_changer|data_high_fifo[16]        ; |indata_changer|data_high_fifo[16]        ; padout           ;
; |indata_changer|data_high_fifo[17]~output ; |indata_changer|data_high_fifo[17]~output ; o                ;
; |indata_changer|data_high_fifo[17]        ; |indata_changer|data_high_fifo[17]        ; padout           ;
; |indata_changer|data_high_fifo[18]~output ; |indata_changer|data_high_fifo[18]~output ; o                ;
; |indata_changer|data_high_fifo[18]        ; |indata_changer|data_high_fifo[18]        ; padout           ;
; |indata_changer|data_high_fifo[19]~output ; |indata_changer|data_high_fifo[19]~output ; o                ;
; |indata_changer|data_high_fifo[19]        ; |indata_changer|data_high_fifo[19]        ; padout           ;
; |indata_changer|data_high_fifo[20]~output ; |indata_changer|data_high_fifo[20]~output ; o                ;
; |indata_changer|data_high_fifo[20]        ; |indata_changer|data_high_fifo[20]        ; padout           ;
; |indata_changer|data_high_fifo[21]~output ; |indata_changer|data_high_fifo[21]~output ; o                ;
; |indata_changer|data_high_fifo[21]        ; |indata_changer|data_high_fifo[21]        ; padout           ;
; |indata_changer|data_high_fifo[22]~output ; |indata_changer|data_high_fifo[22]~output ; o                ;
; |indata_changer|data_high_fifo[22]        ; |indata_changer|data_high_fifo[22]        ; padout           ;
; |indata_changer|data_high_fifo[23]~output ; |indata_changer|data_high_fifo[23]~output ; o                ;
; |indata_changer|data_high_fifo[23]        ; |indata_changer|data_high_fifo[23]        ; padout           ;
; |indata_changer|data_high_fifo[24]~output ; |indata_changer|data_high_fifo[24]~output ; o                ;
; |indata_changer|data_high_fifo[24]        ; |indata_changer|data_high_fifo[24]        ; padout           ;
; |indata_changer|data_high_fifo[25]~output ; |indata_changer|data_high_fifo[25]~output ; o                ;
; |indata_changer|data_high_fifo[25]        ; |indata_changer|data_high_fifo[25]        ; padout           ;
; |indata_changer|data_high_fifo[26]~output ; |indata_changer|data_high_fifo[26]~output ; o                ;
; |indata_changer|data_high_fifo[26]        ; |indata_changer|data_high_fifo[26]        ; padout           ;
; |indata_changer|data_high_fifo[27]~output ; |indata_changer|data_high_fifo[27]~output ; o                ;
; |indata_changer|data_high_fifo[27]        ; |indata_changer|data_high_fifo[27]        ; padout           ;
; |indata_changer|data_high_fifo[28]~output ; |indata_changer|data_high_fifo[28]~output ; o                ;
; |indata_changer|data_high_fifo[28]        ; |indata_changer|data_high_fifo[28]        ; padout           ;
; |indata_changer|data_high_fifo[29]~output ; |indata_changer|data_high_fifo[29]~output ; o                ;
; |indata_changer|data_high_fifo[29]        ; |indata_changer|data_high_fifo[29]        ; padout           ;
; |indata_changer|data_high_fifo[30]~output ; |indata_changer|data_high_fifo[30]~output ; o                ;
; |indata_changer|data_high_fifo[30]        ; |indata_changer|data_high_fifo[30]        ; padout           ;
; |indata_changer|data_high_fifo[31]~output ; |indata_changer|data_high_fifo[31]~output ; o                ;
; |indata_changer|data_high_fifo[31]        ; |indata_changer|data_high_fifo[31]        ; padout           ;
; |indata_changer|data_low_fifo[4]~output   ; |indata_changer|data_low_fifo[4]~output   ; o                ;
; |indata_changer|data_low_fifo[4]          ; |indata_changer|data_low_fifo[4]          ; padout           ;
; |indata_changer|data_low_fifo[5]~output   ; |indata_changer|data_low_fifo[5]~output   ; o                ;
; |indata_changer|data_low_fifo[5]          ; |indata_changer|data_low_fifo[5]          ; padout           ;
; |indata_changer|data_low_fifo[6]~output   ; |indata_changer|data_low_fifo[6]~output   ; o                ;
; |indata_changer|data_low_fifo[6]          ; |indata_changer|data_low_fifo[6]          ; padout           ;
; |indata_changer|data_low_fifo[7]~output   ; |indata_changer|data_low_fifo[7]~output   ; o                ;
; |indata_changer|data_low_fifo[7]          ; |indata_changer|data_low_fifo[7]          ; padout           ;
; |indata_changer|data_low_fifo[8]~output   ; |indata_changer|data_low_fifo[8]~output   ; o                ;
; |indata_changer|data_low_fifo[8]          ; |indata_changer|data_low_fifo[8]          ; padout           ;
; |indata_changer|data_low_fifo[9]~output   ; |indata_changer|data_low_fifo[9]~output   ; o                ;
; |indata_changer|data_low_fifo[9]          ; |indata_changer|data_low_fifo[9]          ; padout           ;
; |indata_changer|data_low_fifo[10]~output  ; |indata_changer|data_low_fifo[10]~output  ; o                ;
; |indata_changer|data_low_fifo[10]         ; |indata_changer|data_low_fifo[10]         ; padout           ;
; |indata_changer|data_low_fifo[11]~output  ; |indata_changer|data_low_fifo[11]~output  ; o                ;
; |indata_changer|data_low_fifo[11]         ; |indata_changer|data_low_fifo[11]         ; padout           ;
; |indata_changer|data_low_fifo[12]~output  ; |indata_changer|data_low_fifo[12]~output  ; o                ;
; |indata_changer|data_low_fifo[12]         ; |indata_changer|data_low_fifo[12]         ; padout           ;
; |indata_changer|data_low_fifo[13]~output  ; |indata_changer|data_low_fifo[13]~output  ; o                ;
; |indata_changer|data_low_fifo[13]         ; |indata_changer|data_low_fifo[13]         ; padout           ;
; |indata_changer|data_low_fifo[14]~output  ; |indata_changer|data_low_fifo[14]~output  ; o                ;
; |indata_changer|data_low_fifo[14]         ; |indata_changer|data_low_fifo[14]         ; padout           ;
; |indata_changer|data_low_fifo[15]~output  ; |indata_changer|data_low_fifo[15]~output  ; o                ;
; |indata_changer|data_low_fifo[15]         ; |indata_changer|data_low_fifo[15]         ; padout           ;
; |indata_changer|data_low_fifo[16]~output  ; |indata_changer|data_low_fifo[16]~output  ; o                ;
; |indata_changer|data_low_fifo[16]         ; |indata_changer|data_low_fifo[16]         ; padout           ;
; |indata_changer|data_low_fifo[17]~output  ; |indata_changer|data_low_fifo[17]~output  ; o                ;
; |indata_changer|data_low_fifo[17]         ; |indata_changer|data_low_fifo[17]         ; padout           ;
; |indata_changer|data_low_fifo[18]~output  ; |indata_changer|data_low_fifo[18]~output  ; o                ;
; |indata_changer|data_low_fifo[18]         ; |indata_changer|data_low_fifo[18]         ; padout           ;
; |indata_changer|data_low_fifo[19]~output  ; |indata_changer|data_low_fifo[19]~output  ; o                ;
; |indata_changer|data_low_fifo[19]         ; |indata_changer|data_low_fifo[19]         ; padout           ;
; |indata_changer|data_low_fifo[20]~output  ; |indata_changer|data_low_fifo[20]~output  ; o                ;
; |indata_changer|data_low_fifo[20]         ; |indata_changer|data_low_fifo[20]         ; padout           ;
; |indata_changer|data_low_fifo[21]~output  ; |indata_changer|data_low_fifo[21]~output  ; o                ;
; |indata_changer|data_low_fifo[21]         ; |indata_changer|data_low_fifo[21]         ; padout           ;
; |indata_changer|data_low_fifo[22]~output  ; |indata_changer|data_low_fifo[22]~output  ; o                ;
; |indata_changer|data_low_fifo[22]         ; |indata_changer|data_low_fifo[22]         ; padout           ;
; |indata_changer|data_low_fifo[23]~output  ; |indata_changer|data_low_fifo[23]~output  ; o                ;
; |indata_changer|data_low_fifo[23]         ; |indata_changer|data_low_fifo[23]         ; padout           ;
; |indata_changer|data_low_fifo[24]~output  ; |indata_changer|data_low_fifo[24]~output  ; o                ;
; |indata_changer|data_low_fifo[24]         ; |indata_changer|data_low_fifo[24]         ; padout           ;
; |indata_changer|data_low_fifo[25]~output  ; |indata_changer|data_low_fifo[25]~output  ; o                ;
; |indata_changer|data_low_fifo[25]         ; |indata_changer|data_low_fifo[25]         ; padout           ;
; |indata_changer|data_low_fifo[26]~output  ; |indata_changer|data_low_fifo[26]~output  ; o                ;
; |indata_changer|data_low_fifo[26]         ; |indata_changer|data_low_fifo[26]         ; padout           ;
; |indata_changer|data_low_fifo[27]~output  ; |indata_changer|data_low_fifo[27]~output  ; o                ;
; |indata_changer|data_low_fifo[27]         ; |indata_changer|data_low_fifo[27]         ; padout           ;
; |indata_changer|data_low_fifo[28]~output  ; |indata_changer|data_low_fifo[28]~output  ; o                ;
; |indata_changer|data_low_fifo[28]         ; |indata_changer|data_low_fifo[28]         ; padout           ;
; |indata_changer|data_low_fifo[29]~output  ; |indata_changer|data_low_fifo[29]~output  ; o                ;
; |indata_changer|data_low_fifo[29]         ; |indata_changer|data_low_fifo[29]         ; padout           ;
; |indata_changer|data_low_fifo[30]~output  ; |indata_changer|data_low_fifo[30]~output  ; o                ;
; |indata_changer|data_low_fifo[30]         ; |indata_changer|data_low_fifo[30]         ; padout           ;
; |indata_changer|data_low_fifo[31]~output  ; |indata_changer|data_low_fifo[31]~output  ; o                ;
; |indata_changer|data_low_fifo[31]         ; |indata_changer|data_low_fifo[31]         ; padout           ;
; |indata_changer|data_low_in[4]~input      ; |indata_changer|data_low_in[4]~input      ; o                ;
; |indata_changer|data_low_in[4]            ; |indata_changer|data_low_in[4]            ; padout           ;
; |indata_changer|data_high_in[5]~input     ; |indata_changer|data_high_in[5]~input     ; o                ;
; |indata_changer|data_high_in[5]           ; |indata_changer|data_high_in[5]           ; padout           ;
; |indata_changer|data_low_in[5]~input      ; |indata_changer|data_low_in[5]~input      ; o                ;
; |indata_changer|data_low_in[5]            ; |indata_changer|data_low_in[5]            ; padout           ;
; |indata_changer|data_high_in[6]~input     ; |indata_changer|data_high_in[6]~input     ; o                ;
; |indata_changer|data_high_in[6]           ; |indata_changer|data_high_in[6]           ; padout           ;
; |indata_changer|data_low_in[6]~input      ; |indata_changer|data_low_in[6]~input      ; o                ;
; |indata_changer|data_low_in[6]            ; |indata_changer|data_low_in[6]            ; padout           ;
; |indata_changer|data_high_in[7]~input     ; |indata_changer|data_high_in[7]~input     ; o                ;
; |indata_changer|data_high_in[7]           ; |indata_changer|data_high_in[7]           ; padout           ;
; |indata_changer|data_low_in[7]~input      ; |indata_changer|data_low_in[7]~input      ; o                ;
; |indata_changer|data_low_in[7]            ; |indata_changer|data_low_in[7]            ; padout           ;
; |indata_changer|data_high_in[8]~input     ; |indata_changer|data_high_in[8]~input     ; o                ;
; |indata_changer|data_high_in[8]           ; |indata_changer|data_high_in[8]           ; padout           ;
; |indata_changer|data_low_in[8]~input      ; |indata_changer|data_low_in[8]~input      ; o                ;
; |indata_changer|data_low_in[8]            ; |indata_changer|data_low_in[8]            ; padout           ;
; |indata_changer|data_high_in[9]~input     ; |indata_changer|data_high_in[9]~input     ; o                ;
; |indata_changer|data_high_in[9]           ; |indata_changer|data_high_in[9]           ; padout           ;
; |indata_changer|data_low_in[9]~input      ; |indata_changer|data_low_in[9]~input      ; o                ;
; |indata_changer|data_low_in[9]            ; |indata_changer|data_low_in[9]            ; padout           ;
; |indata_changer|data_high_in[10]~input    ; |indata_changer|data_high_in[10]~input    ; o                ;
; |indata_changer|data_high_in[10]          ; |indata_changer|data_high_in[10]          ; padout           ;
; |indata_changer|data_low_in[10]~input     ; |indata_changer|data_low_in[10]~input     ; o                ;
; |indata_changer|data_low_in[10]           ; |indata_changer|data_low_in[10]           ; padout           ;
; |indata_changer|data_high_in[11]~input    ; |indata_changer|data_high_in[11]~input    ; o                ;
; |indata_changer|data_high_in[11]          ; |indata_changer|data_high_in[11]          ; padout           ;
; |indata_changer|data_low_in[11]~input     ; |indata_changer|data_low_in[11]~input     ; o                ;
; |indata_changer|data_low_in[11]           ; |indata_changer|data_low_in[11]           ; padout           ;
; |indata_changer|data_high_in[12]~input    ; |indata_changer|data_high_in[12]~input    ; o                ;
; |indata_changer|data_high_in[12]          ; |indata_changer|data_high_in[12]          ; padout           ;
; |indata_changer|data_low_in[12]~input     ; |indata_changer|data_low_in[12]~input     ; o                ;
; |indata_changer|data_low_in[12]           ; |indata_changer|data_low_in[12]           ; padout           ;
; |indata_changer|data_high_in[13]~input    ; |indata_changer|data_high_in[13]~input    ; o                ;
; |indata_changer|data_high_in[13]          ; |indata_changer|data_high_in[13]          ; padout           ;
; |indata_changer|data_low_in[13]~input     ; |indata_changer|data_low_in[13]~input     ; o                ;
; |indata_changer|data_low_in[13]           ; |indata_changer|data_low_in[13]           ; padout           ;
; |indata_changer|data_high_in[14]~input    ; |indata_changer|data_high_in[14]~input    ; o                ;
; |indata_changer|data_high_in[14]          ; |indata_changer|data_high_in[14]          ; padout           ;
; |indata_changer|data_low_in[14]~input     ; |indata_changer|data_low_in[14]~input     ; o                ;
; |indata_changer|data_low_in[14]           ; |indata_changer|data_low_in[14]           ; padout           ;
; |indata_changer|data_high_in[15]~input    ; |indata_changer|data_high_in[15]~input    ; o                ;
; |indata_changer|data_high_in[15]          ; |indata_changer|data_high_in[15]          ; padout           ;
; |indata_changer|data_low_in[15]~input     ; |indata_changer|data_low_in[15]~input     ; o                ;
; |indata_changer|data_low_in[15]           ; |indata_changer|data_low_in[15]           ; padout           ;
; |indata_changer|data_high_in[16]~input    ; |indata_changer|data_high_in[16]~input    ; o                ;
; |indata_changer|data_high_in[16]          ; |indata_changer|data_high_in[16]          ; padout           ;
; |indata_changer|data_low_in[16]~input     ; |indata_changer|data_low_in[16]~input     ; o                ;
; |indata_changer|data_low_in[16]           ; |indata_changer|data_low_in[16]           ; padout           ;
; |indata_changer|data_high_in[17]~input    ; |indata_changer|data_high_in[17]~input    ; o                ;
; |indata_changer|data_high_in[17]          ; |indata_changer|data_high_in[17]          ; padout           ;
; |indata_changer|data_low_in[17]~input     ; |indata_changer|data_low_in[17]~input     ; o                ;
; |indata_changer|data_low_in[17]           ; |indata_changer|data_low_in[17]           ; padout           ;
; |indata_changer|data_high_in[18]~input    ; |indata_changer|data_high_in[18]~input    ; o                ;
; |indata_changer|data_high_in[18]          ; |indata_changer|data_high_in[18]          ; padout           ;
; |indata_changer|data_low_in[18]~input     ; |indata_changer|data_low_in[18]~input     ; o                ;
; |indata_changer|data_low_in[18]           ; |indata_changer|data_low_in[18]           ; padout           ;
; |indata_changer|data_high_in[19]~input    ; |indata_changer|data_high_in[19]~input    ; o                ;
; |indata_changer|data_high_in[19]          ; |indata_changer|data_high_in[19]          ; padout           ;
; |indata_changer|data_low_in[19]~input     ; |indata_changer|data_low_in[19]~input     ; o                ;
; |indata_changer|data_low_in[19]           ; |indata_changer|data_low_in[19]           ; padout           ;
; |indata_changer|data_high_in[20]~input    ; |indata_changer|data_high_in[20]~input    ; o                ;
; |indata_changer|data_high_in[20]          ; |indata_changer|data_high_in[20]          ; padout           ;
; |indata_changer|data_low_in[20]~input     ; |indata_changer|data_low_in[20]~input     ; o                ;
; |indata_changer|data_low_in[20]           ; |indata_changer|data_low_in[20]           ; padout           ;
; |indata_changer|data_high_in[21]~input    ; |indata_changer|data_high_in[21]~input    ; o                ;
; |indata_changer|data_high_in[21]          ; |indata_changer|data_high_in[21]          ; padout           ;
; |indata_changer|data_low_in[21]~input     ; |indata_changer|data_low_in[21]~input     ; o                ;
; |indata_changer|data_low_in[21]           ; |indata_changer|data_low_in[21]           ; padout           ;
; |indata_changer|data_high_in[22]~input    ; |indata_changer|data_high_in[22]~input    ; o                ;
; |indata_changer|data_high_in[22]          ; |indata_changer|data_high_in[22]          ; padout           ;
; |indata_changer|data_low_in[22]~input     ; |indata_changer|data_low_in[22]~input     ; o                ;
; |indata_changer|data_low_in[22]           ; |indata_changer|data_low_in[22]           ; padout           ;
; |indata_changer|data_high_in[23]~input    ; |indata_changer|data_high_in[23]~input    ; o                ;
; |indata_changer|data_high_in[23]          ; |indata_changer|data_high_in[23]          ; padout           ;
; |indata_changer|data_low_in[23]~input     ; |indata_changer|data_low_in[23]~input     ; o                ;
; |indata_changer|data_low_in[23]           ; |indata_changer|data_low_in[23]           ; padout           ;
; |indata_changer|data_high_in[24]~input    ; |indata_changer|data_high_in[24]~input    ; o                ;
; |indata_changer|data_high_in[24]          ; |indata_changer|data_high_in[24]          ; padout           ;
; |indata_changer|data_low_in[24]~input     ; |indata_changer|data_low_in[24]~input     ; o                ;
; |indata_changer|data_low_in[24]           ; |indata_changer|data_low_in[24]           ; padout           ;
; |indata_changer|data_high_in[25]~input    ; |indata_changer|data_high_in[25]~input    ; o                ;
; |indata_changer|data_high_in[25]          ; |indata_changer|data_high_in[25]          ; padout           ;
; |indata_changer|data_low_in[25]~input     ; |indata_changer|data_low_in[25]~input     ; o                ;
; |indata_changer|data_low_in[25]           ; |indata_changer|data_low_in[25]           ; padout           ;
; |indata_changer|data_high_in[26]~input    ; |indata_changer|data_high_in[26]~input    ; o                ;
; |indata_changer|data_high_in[26]          ; |indata_changer|data_high_in[26]          ; padout           ;
; |indata_changer|data_low_in[26]~input     ; |indata_changer|data_low_in[26]~input     ; o                ;
; |indata_changer|data_low_in[26]           ; |indata_changer|data_low_in[26]           ; padout           ;
; |indata_changer|data_high_in[27]~input    ; |indata_changer|data_high_in[27]~input    ; o                ;
; |indata_changer|data_high_in[27]          ; |indata_changer|data_high_in[27]          ; padout           ;
; |indata_changer|data_low_in[27]~input     ; |indata_changer|data_low_in[27]~input     ; o                ;
; |indata_changer|data_low_in[27]           ; |indata_changer|data_low_in[27]           ; padout           ;
; |indata_changer|data_high_in[28]~input    ; |indata_changer|data_high_in[28]~input    ; o                ;
; |indata_changer|data_high_in[28]          ; |indata_changer|data_high_in[28]          ; padout           ;
; |indata_changer|data_low_in[28]~input     ; |indata_changer|data_low_in[28]~input     ; o                ;
; |indata_changer|data_low_in[28]           ; |indata_changer|data_low_in[28]           ; padout           ;
; |indata_changer|data_high_in[29]~input    ; |indata_changer|data_high_in[29]~input    ; o                ;
; |indata_changer|data_high_in[29]          ; |indata_changer|data_high_in[29]          ; padout           ;
; |indata_changer|data_low_in[29]~input     ; |indata_changer|data_low_in[29]~input     ; o                ;
; |indata_changer|data_low_in[29]           ; |indata_changer|data_low_in[29]           ; padout           ;
; |indata_changer|data_high_in[30]~input    ; |indata_changer|data_high_in[30]~input    ; o                ;
; |indata_changer|data_high_in[30]          ; |indata_changer|data_high_in[30]          ; padout           ;
; |indata_changer|data_low_in[30]~input     ; |indata_changer|data_low_in[30]~input     ; o                ;
; |indata_changer|data_low_in[30]           ; |indata_changer|data_low_in[30]           ; padout           ;
; |indata_changer|data_high_in[31]~input    ; |indata_changer|data_high_in[31]~input    ; o                ;
; |indata_changer|data_high_in[31]          ; |indata_changer|data_high_in[31]          ; padout           ;
; |indata_changer|data_low_in[31]~input     ; |indata_changer|data_low_in[31]~input     ; o                ;
; |indata_changer|data_low_in[31]           ; |indata_changer|data_low_in[31]           ; padout           ;
+-------------------------------------------+-------------------------------------------+------------------+


The following table displays output ports that do not toggle to 0 during simulation.
+----------------------------------------------------------------------------------------------------------+
; Missing 0-Value Coverage                                                                                 ;
+-------------------------------------------+-------------------------------------------+------------------+
; Node Name                                 ; Output Port Name                          ; Output Port Type ;
+-------------------------------------------+-------------------------------------------+------------------+
; |indata_changer|actual_data_ff[4]         ; |indata_changer|actual_data_ff[4]         ; q                ;
; |indata_changer|actual_data_ff[5]         ; |indata_changer|actual_data_ff[5]         ; q                ;
; |indata_changer|actual_data_ff[6]         ; |indata_changer|actual_data_ff[6]         ; q                ;
; |indata_changer|actual_data_ff[7]         ; |indata_changer|actual_data_ff[7]         ; q                ;
; |indata_changer|actual_data_ff[8]         ; |indata_changer|actual_data_ff[8]         ; q                ;
; |indata_changer|actual_data_ff[9]         ; |indata_changer|actual_data_ff[9]         ; q                ;
; |indata_changer|actual_data_ff[10]        ; |indata_changer|actual_data_ff[10]        ; q                ;
; |indata_changer|actual_data_ff[11]        ; |indata_changer|actual_data_ff[11]        ; q                ;
; |indata_changer|actual_data_ff[12]        ; |indata_changer|actual_data_ff[12]        ; q                ;
; |indata_changer|actual_data_ff[13]        ; |indata_changer|actual_data_ff[13]        ; q                ;
; |indata_changer|actual_data_ff[14]        ; |indata_changer|actual_data_ff[14]        ; q                ;
; |indata_changer|actual_data_ff[15]        ; |indata_changer|actual_data_ff[15]        ; q                ;
; |indata_changer|actual_data_ff[16]        ; |indata_changer|actual_data_ff[16]        ; q                ;
; |indata_changer|actual_data_ff[17]        ; |indata_changer|actual_data_ff[17]        ; q                ;
; |indata_changer|actual_data_ff[18]        ; |indata_changer|actual_data_ff[18]        ; q                ;
; |indata_changer|actual_data_ff[19]        ; |indata_changer|actual_data_ff[19]        ; q                ;
; |indata_changer|actual_data_ff[20]        ; |indata_changer|actual_data_ff[20]        ; q                ;
; |indata_changer|actual_data_ff[21]        ; |indata_changer|actual_data_ff[21]        ; q                ;
; |indata_changer|actual_data_ff[22]        ; |indata_changer|actual_data_ff[22]        ; q                ;
; |indata_changer|actual_data_ff[23]        ; |indata_changer|actual_data_ff[23]        ; q                ;
; |indata_changer|actual_data_ff[24]        ; |indata_changer|actual_data_ff[24]        ; q                ;
; |indata_changer|actual_data_ff[25]        ; |indata_changer|actual_data_ff[25]        ; q                ;
; |indata_changer|actual_data_ff[26]        ; |indata_changer|actual_data_ff[26]        ; q                ;
; |indata_changer|actual_data_ff[27]        ; |indata_changer|actual_data_ff[27]        ; q                ;
; |indata_changer|actual_data_ff[28]        ; |indata_changer|actual_data_ff[28]        ; q                ;
; |indata_changer|actual_data_ff[29]        ; |indata_changer|actual_data_ff[29]        ; q                ;
; |indata_changer|actual_data_ff[30]        ; |indata_changer|actual_data_ff[30]        ; q                ;
; |indata_changer|actual_data_ff[31]        ; |indata_changer|actual_data_ff[31]        ; q                ;
; |indata_changer|data_high_fifo~1546       ; |indata_changer|data_high_fifo~1546       ; combout          ;
; |indata_changer|data_high_fifo~1547       ; |indata_changer|data_high_fifo~1547       ; combout          ;
; |indata_changer|data_high_fifo~1548       ; |indata_changer|data_high_fifo~1548       ; combout          ;
; |indata_changer|data_high_fifo~1549       ; |indata_changer|data_high_fifo~1549       ; combout          ;
; |indata_changer|data_high_fifo~1550       ; |indata_changer|data_high_fifo~1550       ; combout          ;
; |indata_changer|data_high_fifo~1551       ; |indata_changer|data_high_fifo~1551       ; combout          ;
; |indata_changer|data_high_fifo~1552       ; |indata_changer|data_high_fifo~1552       ; combout          ;
; |indata_changer|data_high_fifo~1553       ; |indata_changer|data_high_fifo~1553       ; combout          ;
; |indata_changer|data_high_fifo~1554       ; |indata_changer|data_high_fifo~1554       ; combout          ;
; |indata_changer|data_high_fifo~1555       ; |indata_changer|data_high_fifo~1555       ; combout          ;
; |indata_changer|data_high_fifo~1556       ; |indata_changer|data_high_fifo~1556       ; combout          ;
; |indata_changer|data_high_fifo~1557       ; |indata_changer|data_high_fifo~1557       ; combout          ;
; |indata_changer|data_high_fifo~1558       ; |indata_changer|data_high_fifo~1558       ; combout          ;
; |indata_changer|data_high_fifo~1559       ; |indata_changer|data_high_fifo~1559       ; combout          ;
; |indata_changer|data_high_fifo~1560       ; |indata_changer|data_high_fifo~1560       ; combout          ;
; |indata_changer|data_high_fifo~1561       ; |indata_changer|data_high_fifo~1561       ; combout          ;
; |indata_changer|data_high_fifo~1562       ; |indata_changer|data_high_fifo~1562       ; combout          ;
; |indata_changer|data_high_fifo~1563       ; |indata_changer|data_high_fifo~1563       ; combout          ;
; |indata_changer|data_high_fifo~1564       ; |indata_changer|data_high_fifo~1564       ; combout          ;
; |indata_changer|data_high_fifo~1565       ; |indata_changer|data_high_fifo~1565       ; combout          ;
; |indata_changer|data_high_fifo~1566       ; |indata_changer|data_high_fifo~1566       ; combout          ;
; |indata_changer|data_high_fifo~1567       ; |indata_changer|data_high_fifo~1567       ; combout          ;
; |indata_changer|data_high_fifo~1568       ; |indata_changer|data_high_fifo~1568       ; combout          ;
; |indata_changer|data_high_fifo~1569       ; |indata_changer|data_high_fifo~1569       ; combout          ;
; |indata_changer|data_high_fifo~1570       ; |indata_changer|data_high_fifo~1570       ; combout          ;
; |indata_changer|data_high_fifo~1571       ; |indata_changer|data_high_fifo~1571       ; combout          ;
; |indata_changer|data_high_fifo~1572       ; |indata_changer|data_high_fifo~1572       ; combout          ;
; |indata_changer|data_low_fifo~1501        ; |indata_changer|data_low_fifo~1501        ; combout          ;
; |indata_changer|data_low_fifo~1502        ; |indata_changer|data_low_fifo~1502        ; combout          ;
; |indata_changer|data_low_fifo~1503        ; |indata_changer|data_low_fifo~1503        ; combout          ;
; |indata_changer|data_low_fifo~1504        ; |indata_changer|data_low_fifo~1504        ; combout          ;
; |indata_changer|data_low_fifo~1505        ; |indata_changer|data_low_fifo~1505        ; combout          ;
; |indata_changer|data_low_fifo~1506        ; |indata_changer|data_low_fifo~1506        ; combout          ;
; |indata_changer|data_low_fifo~1507        ; |indata_changer|data_low_fifo~1507        ; combout          ;
; |indata_changer|data_low_fifo~1508        ; |indata_changer|data_low_fifo~1508        ; combout          ;
; |indata_changer|data_low_fifo~1509        ; |indata_changer|data_low_fifo~1509        ; combout          ;
; |indata_changer|data_low_fifo~1510        ; |indata_changer|data_low_fifo~1510        ; combout          ;
; |indata_changer|data_low_fifo~1511        ; |indata_changer|data_low_fifo~1511        ; combout          ;
; |indata_changer|data_low_fifo~1512        ; |indata_changer|data_low_fifo~1512        ; combout          ;
; |indata_changer|data_low_fifo~1513        ; |indata_changer|data_low_fifo~1513        ; combout          ;
; |indata_changer|data_low_fifo~1514        ; |indata_changer|data_low_fifo~1514        ; combout          ;
; |indata_changer|data_low_fifo~1515        ; |indata_changer|data_low_fifo~1515        ; combout          ;
; |indata_changer|data_low_fifo~1516        ; |indata_changer|data_low_fifo~1516        ; combout          ;
; |indata_changer|data_low_fifo~1517        ; |indata_changer|data_low_fifo~1517        ; combout          ;
; |indata_changer|data_low_fifo~1518        ; |indata_changer|data_low_fifo~1518        ; combout          ;
; |indata_changer|data_low_fifo~1519        ; |indata_changer|data_low_fifo~1519        ; combout          ;
; |indata_changer|data_low_fifo~1520        ; |indata_changer|data_low_fifo~1520        ; combout          ;
; |indata_changer|data_low_fifo~1521        ; |indata_changer|data_low_fifo~1521        ; combout          ;
; |indata_changer|data_low_fifo~1522        ; |indata_changer|data_low_fifo~1522        ; combout          ;
; |indata_changer|data_low_fifo~1523        ; |indata_changer|data_low_fifo~1523        ; combout          ;
; |indata_changer|data_low_fifo~1524        ; |indata_changer|data_low_fifo~1524        ; combout          ;
; |indata_changer|data_low_fifo~1525        ; |indata_changer|data_low_fifo~1525        ; combout          ;
; |indata_changer|data_low_fifo~1526        ; |indata_changer|data_low_fifo~1526        ; combout          ;
; |indata_changer|data_low_fifo~1527        ; |indata_changer|data_low_fifo~1527        ; combout          ;
; |indata_changer|data_low_fifo~1528        ; |indata_changer|data_low_fifo~1528        ; combout          ;
; |indata_changer|actual_data_ff~2900       ; |indata_changer|actual_data_ff~2900       ; combout          ;
; |indata_changer|actual_data_ff~2901       ; |indata_changer|actual_data_ff~2901       ; combout          ;
; |indata_changer|actual_data_ff~2902       ; |indata_changer|actual_data_ff~2902       ; combout          ;
; |indata_changer|actual_data_ff~2903       ; |indata_changer|actual_data_ff~2903       ; combout          ;
; |indata_changer|actual_data_ff~2904       ; |indata_changer|actual_data_ff~2904       ; combout          ;
; |indata_changer|actual_data_ff~2905       ; |indata_changer|actual_data_ff~2905       ; combout          ;
; |indata_changer|actual_data_ff~2906       ; |indata_changer|actual_data_ff~2906       ; combout          ;
; |indata_changer|actual_data_ff~2907       ; |indata_changer|actual_data_ff~2907       ; combout          ;
; |indata_changer|actual_data_ff~2908       ; |indata_changer|actual_data_ff~2908       ; combout          ;
; |indata_changer|actual_data_ff~2909       ; |indata_changer|actual_data_ff~2909       ; combout          ;
; |indata_changer|actual_data_ff~2910       ; |indata_changer|actual_data_ff~2910       ; combout          ;
; |indata_changer|actual_data_ff~2911       ; |indata_changer|actual_data_ff~2911       ; combout          ;
; |indata_changer|actual_data_ff~2912       ; |indata_changer|actual_data_ff~2912       ; combout          ;
; |indata_changer|actual_data_ff~2913       ; |indata_changer|actual_data_ff~2913       ; combout          ;
; |indata_changer|actual_data_ff~2914       ; |indata_changer|actual_data_ff~2914       ; combout          ;
; |indata_changer|actual_data_ff~2915       ; |indata_changer|actual_data_ff~2915       ; combout          ;
; |indata_changer|actual_data_ff~2916       ; |indata_changer|actual_data_ff~2916       ; combout          ;
; |indata_changer|actual_data_ff~2917       ; |indata_changer|actual_data_ff~2917       ; combout          ;
; |indata_changer|actual_data_ff~2918       ; |indata_changer|actual_data_ff~2918       ; combout          ;
; |indata_changer|actual_data_ff~2919       ; |indata_changer|actual_data_ff~2919       ; combout          ;
; |indata_changer|actual_data_ff~2920       ; |indata_changer|actual_data_ff~2920       ; combout          ;
; |indata_changer|actual_data_ff~2921       ; |indata_changer|actual_data_ff~2921       ; combout          ;
; |indata_changer|actual_data_ff~2922       ; |indata_changer|actual_data_ff~2922       ; combout          ;
; |indata_changer|actual_data_ff~2923       ; |indata_changer|actual_data_ff~2923       ; combout          ;
; |indata_changer|actual_data_ff~2924       ; |indata_changer|actual_data_ff~2924       ; combout          ;
; |indata_changer|actual_data_ff~2925       ; |indata_changer|actual_data_ff~2925       ; combout          ;
; |indata_changer|actual_data_ff~2926       ; |indata_changer|actual_data_ff~2926       ; combout          ;
; |indata_changer|data_high_fifo[5]~output  ; |indata_changer|data_high_fifo[5]~output  ; o                ;
; |indata_changer|data_high_fifo[5]         ; |indata_changer|data_high_fifo[5]         ; padout           ;
; |indata_changer|data_high_fifo[6]~output  ; |indata_changer|data_high_fifo[6]~output  ; o                ;
; |indata_changer|data_high_fifo[6]         ; |indata_changer|data_high_fifo[6]         ; padout           ;
; |indata_changer|data_high_fifo[7]~output  ; |indata_changer|data_high_fifo[7]~output  ; o                ;
; |indata_changer|data_high_fifo[7]         ; |indata_changer|data_high_fifo[7]         ; padout           ;
; |indata_changer|data_high_fifo[8]~output  ; |indata_changer|data_high_fifo[8]~output  ; o                ;
; |indata_changer|data_high_fifo[8]         ; |indata_changer|data_high_fifo[8]         ; padout           ;
; |indata_changer|data_high_fifo[9]~output  ; |indata_changer|data_high_fifo[9]~output  ; o                ;
; |indata_changer|data_high_fifo[9]         ; |indata_changer|data_high_fifo[9]         ; padout           ;
; |indata_changer|data_high_fifo[10]~output ; |indata_changer|data_high_fifo[10]~output ; o                ;
; |indata_changer|data_high_fifo[10]        ; |indata_changer|data_high_fifo[10]        ; padout           ;
; |indata_changer|data_high_fifo[11]~output ; |indata_changer|data_high_fifo[11]~output ; o                ;
; |indata_changer|data_high_fifo[11]        ; |indata_changer|data_high_fifo[11]        ; padout           ;
; |indata_changer|data_high_fifo[12]~output ; |indata_changer|data_high_fifo[12]~output ; o                ;
; |indata_changer|data_high_fifo[12]        ; |indata_changer|data_high_fifo[12]        ; padout           ;
; |indata_changer|data_high_fifo[13]~output ; |indata_changer|data_high_fifo[13]~output ; o                ;
; |indata_changer|data_high_fifo[13]        ; |indata_changer|data_high_fifo[13]        ; padout           ;
; |indata_changer|data_high_fifo[14]~output ; |indata_changer|data_high_fifo[14]~output ; o                ;
; |indata_changer|data_high_fifo[14]        ; |indata_changer|data_high_fifo[14]        ; padout           ;
; |indata_changer|data_high_fifo[15]~output ; |indata_changer|data_high_fifo[15]~output ; o                ;
; |indata_changer|data_high_fifo[15]        ; |indata_changer|data_high_fifo[15]        ; padout           ;
; |indata_changer|data_high_fifo[16]~output ; |indata_changer|data_high_fifo[16]~output ; o                ;
; |indata_changer|data_high_fifo[16]        ; |indata_changer|data_high_fifo[16]        ; padout           ;
; |indata_changer|data_high_fifo[17]~output ; |indata_changer|data_high_fifo[17]~output ; o                ;
; |indata_changer|data_high_fifo[17]        ; |indata_changer|data_high_fifo[17]        ; padout           ;
; |indata_changer|data_high_fifo[18]~output ; |indata_changer|data_high_fifo[18]~output ; o                ;
; |indata_changer|data_high_fifo[18]        ; |indata_changer|data_high_fifo[18]        ; padout           ;
; |indata_changer|data_high_fifo[19]~output ; |indata_changer|data_high_fifo[19]~output ; o                ;
; |indata_changer|data_high_fifo[19]        ; |indata_changer|data_high_fifo[19]        ; padout           ;
; |indata_changer|data_high_fifo[20]~output ; |indata_changer|data_high_fifo[20]~output ; o                ;
; |indata_changer|data_high_fifo[20]        ; |indata_changer|data_high_fifo[20]        ; padout           ;
; |indata_changer|data_high_fifo[21]~output ; |indata_changer|data_high_fifo[21]~output ; o                ;
; |indata_changer|data_high_fifo[21]        ; |indata_changer|data_high_fifo[21]        ; padout           ;
; |indata_changer|data_high_fifo[22]~output ; |indata_changer|data_high_fifo[22]~output ; o                ;
; |indata_changer|data_high_fifo[22]        ; |indata_changer|data_high_fifo[22]        ; padout           ;
; |indata_changer|data_high_fifo[23]~output ; |indata_changer|data_high_fifo[23]~output ; o                ;
; |indata_changer|data_high_fifo[23]        ; |indata_changer|data_high_fifo[23]        ; padout           ;
; |indata_changer|data_high_fifo[24]~output ; |indata_changer|data_high_fifo[24]~output ; o                ;
; |indata_changer|data_high_fifo[24]        ; |indata_changer|data_high_fifo[24]        ; padout           ;
; |indata_changer|data_high_fifo[25]~output ; |indata_changer|data_high_fifo[25]~output ; o                ;
; |indata_changer|data_high_fifo[25]        ; |indata_changer|data_high_fifo[25]        ; padout           ;
; |indata_changer|data_high_fifo[26]~output ; |indata_changer|data_high_fifo[26]~output ; o                ;
; |indata_changer|data_high_fifo[26]        ; |indata_changer|data_high_fifo[26]        ; padout           ;
; |indata_changer|data_high_fifo[27]~output ; |indata_changer|data_high_fifo[27]~output ; o                ;
; |indata_changer|data_high_fifo[27]        ; |indata_changer|data_high_fifo[27]        ; padout           ;
; |indata_changer|data_high_fifo[28]~output ; |indata_changer|data_high_fifo[28]~output ; o                ;
; |indata_changer|data_high_fifo[28]        ; |indata_changer|data_high_fifo[28]        ; padout           ;
; |indata_changer|data_high_fifo[29]~output ; |indata_changer|data_high_fifo[29]~output ; o                ;
; |indata_changer|data_high_fifo[29]        ; |indata_changer|data_high_fifo[29]        ; padout           ;
; |indata_changer|data_high_fifo[30]~output ; |indata_changer|data_high_fifo[30]~output ; o                ;
; |indata_changer|data_high_fifo[30]        ; |indata_changer|data_high_fifo[30]        ; padout           ;
; |indata_changer|data_high_fifo[31]~output ; |indata_changer|data_high_fifo[31]~output ; o                ;
; |indata_changer|data_high_fifo[31]        ; |indata_changer|data_high_fifo[31]        ; padout           ;
; |indata_changer|data_low_fifo[4]~output   ; |indata_changer|data_low_fifo[4]~output   ; o                ;
; |indata_changer|data_low_fifo[4]          ; |indata_changer|data_low_fifo[4]          ; padout           ;
; |indata_changer|data_low_fifo[5]~output   ; |indata_changer|data_low_fifo[5]~output   ; o                ;
; |indata_changer|data_low_fifo[5]          ; |indata_changer|data_low_fifo[5]          ; padout           ;
; |indata_changer|data_low_fifo[6]~output   ; |indata_changer|data_low_fifo[6]~output   ; o                ;
; |indata_changer|data_low_fifo[6]          ; |indata_changer|data_low_fifo[6]          ; padout           ;
; |indata_changer|data_low_fifo[7]~output   ; |indata_changer|data_low_fifo[7]~output   ; o                ;
; |indata_changer|data_low_fifo[7]          ; |indata_changer|data_low_fifo[7]          ; padout           ;
; |indata_changer|data_low_fifo[8]~output   ; |indata_changer|data_low_fifo[8]~output   ; o                ;
; |indata_changer|data_low_fifo[8]          ; |indata_changer|data_low_fifo[8]          ; padout           ;
; |indata_changer|data_low_fifo[9]~output   ; |indata_changer|data_low_fifo[9]~output   ; o                ;
; |indata_changer|data_low_fifo[9]          ; |indata_changer|data_low_fifo[9]          ; padout           ;
; |indata_changer|data_low_fifo[10]~output  ; |indata_changer|data_low_fifo[10]~output  ; o                ;
; |indata_changer|data_low_fifo[10]         ; |indata_changer|data_low_fifo[10]         ; padout           ;
; |indata_changer|data_low_fifo[11]~output  ; |indata_changer|data_low_fifo[11]~output  ; o                ;
; |indata_changer|data_low_fifo[11]         ; |indata_changer|data_low_fifo[11]         ; padout           ;
; |indata_changer|data_low_fifo[12]~output  ; |indata_changer|data_low_fifo[12]~output  ; o                ;
; |indata_changer|data_low_fifo[12]         ; |indata_changer|data_low_fifo[12]         ; padout           ;
; |indata_changer|data_low_fifo[13]~output  ; |indata_changer|data_low_fifo[13]~output  ; o                ;
; |indata_changer|data_low_fifo[13]         ; |indata_changer|data_low_fifo[13]         ; padout           ;
; |indata_changer|data_low_fifo[14]~output  ; |indata_changer|data_low_fifo[14]~output  ; o                ;
; |indata_changer|data_low_fifo[14]         ; |indata_changer|data_low_fifo[14]         ; padout           ;
; |indata_changer|data_low_fifo[15]~output  ; |indata_changer|data_low_fifo[15]~output  ; o                ;
; |indata_changer|data_low_fifo[15]         ; |indata_changer|data_low_fifo[15]         ; padout           ;
; |indata_changer|data_low_fifo[16]~output  ; |indata_changer|data_low_fifo[16]~output  ; o                ;
; |indata_changer|data_low_fifo[16]         ; |indata_changer|data_low_fifo[16]         ; padout           ;
; |indata_changer|data_low_fifo[17]~output  ; |indata_changer|data_low_fifo[17]~output  ; o                ;
; |indata_changer|data_low_fifo[17]         ; |indata_changer|data_low_fifo[17]         ; padout           ;
; |indata_changer|data_low_fifo[18]~output  ; |indata_changer|data_low_fifo[18]~output  ; o                ;
; |indata_changer|data_low_fifo[18]         ; |indata_changer|data_low_fifo[18]         ; padout           ;
; |indata_changer|data_low_fifo[19]~output  ; |indata_changer|data_low_fifo[19]~output  ; o                ;
; |indata_changer|data_low_fifo[19]         ; |indata_changer|data_low_fifo[19]         ; padout           ;
; |indata_changer|data_low_fifo[20]~output  ; |indata_changer|data_low_fifo[20]~output  ; o                ;
; |indata_changer|data_low_fifo[20]         ; |indata_changer|data_low_fifo[20]         ; padout           ;
; |indata_changer|data_low_fifo[21]~output  ; |indata_changer|data_low_fifo[21]~output  ; o                ;
; |indata_changer|data_low_fifo[21]         ; |indata_changer|data_low_fifo[21]         ; padout           ;
; |indata_changer|data_low_fifo[22]~output  ; |indata_changer|data_low_fifo[22]~output  ; o                ;
; |indata_changer|data_low_fifo[22]         ; |indata_changer|data_low_fifo[22]         ; padout           ;
; |indata_changer|data_low_fifo[23]~output  ; |indata_changer|data_low_fifo[23]~output  ; o                ;
; |indata_changer|data_low_fifo[23]         ; |indata_changer|data_low_fifo[23]         ; padout           ;
; |indata_changer|data_low_fifo[24]~output  ; |indata_changer|data_low_fifo[24]~output  ; o                ;
; |indata_changer|data_low_fifo[24]         ; |indata_changer|data_low_fifo[24]         ; padout           ;
; |indata_changer|data_low_fifo[25]~output  ; |indata_changer|data_low_fifo[25]~output  ; o                ;
; |indata_changer|data_low_fifo[25]         ; |indata_changer|data_low_fifo[25]         ; padout           ;
; |indata_changer|data_low_fifo[26]~output  ; |indata_changer|data_low_fifo[26]~output  ; o                ;
; |indata_changer|data_low_fifo[26]         ; |indata_changer|data_low_fifo[26]         ; padout           ;
; |indata_changer|data_low_fifo[27]~output  ; |indata_changer|data_low_fifo[27]~output  ; o                ;
; |indata_changer|data_low_fifo[27]         ; |indata_changer|data_low_fifo[27]         ; padout           ;
; |indata_changer|data_low_fifo[28]~output  ; |indata_changer|data_low_fifo[28]~output  ; o                ;
; |indata_changer|data_low_fifo[28]         ; |indata_changer|data_low_fifo[28]         ; padout           ;
; |indata_changer|data_low_fifo[29]~output  ; |indata_changer|data_low_fifo[29]~output  ; o                ;
; |indata_changer|data_low_fifo[29]         ; |indata_changer|data_low_fifo[29]         ; padout           ;
; |indata_changer|data_low_fifo[30]~output  ; |indata_changer|data_low_fifo[30]~output  ; o                ;
; |indata_changer|data_low_fifo[30]         ; |indata_changer|data_low_fifo[30]         ; padout           ;
; |indata_changer|data_low_fifo[31]~output  ; |indata_changer|data_low_fifo[31]~output  ; o                ;
; |indata_changer|data_low_fifo[31]         ; |indata_changer|data_low_fifo[31]         ; padout           ;
; |indata_changer|data_low_in[4]~input      ; |indata_changer|data_low_in[4]~input      ; o                ;
; |indata_changer|data_low_in[4]            ; |indata_changer|data_low_in[4]            ; padout           ;
; |indata_changer|data_high_in[5]~input     ; |indata_changer|data_high_in[5]~input     ; o                ;
; |indata_changer|data_high_in[5]           ; |indata_changer|data_high_in[5]           ; padout           ;
; |indata_changer|data_low_in[5]~input      ; |indata_changer|data_low_in[5]~input      ; o                ;
; |indata_changer|data_low_in[5]            ; |indata_changer|data_low_in[5]            ; padout           ;
; |indata_changer|data_high_in[6]~input     ; |indata_changer|data_high_in[6]~input     ; o                ;
; |indata_changer|data_high_in[6]           ; |indata_changer|data_high_in[6]           ; padout           ;
; |indata_changer|data_low_in[6]~input      ; |indata_changer|data_low_in[6]~input      ; o                ;
; |indata_changer|data_low_in[6]            ; |indata_changer|data_low_in[6]            ; padout           ;
; |indata_changer|data_high_in[7]~input     ; |indata_changer|data_high_in[7]~input     ; o                ;
; |indata_changer|data_high_in[7]           ; |indata_changer|data_high_in[7]           ; padout           ;
; |indata_changer|data_low_in[7]~input      ; |indata_changer|data_low_in[7]~input      ; o                ;
; |indata_changer|data_low_in[7]            ; |indata_changer|data_low_in[7]            ; padout           ;
; |indata_changer|data_high_in[8]~input     ; |indata_changer|data_high_in[8]~input     ; o                ;
; |indata_changer|data_high_in[8]           ; |indata_changer|data_high_in[8]           ; padout           ;
; |indata_changer|data_low_in[8]~input      ; |indata_changer|data_low_in[8]~input      ; o                ;
; |indata_changer|data_low_in[8]            ; |indata_changer|data_low_in[8]            ; padout           ;
; |indata_changer|data_high_in[9]~input     ; |indata_changer|data_high_in[9]~input     ; o                ;
; |indata_changer|data_high_in[9]           ; |indata_changer|data_high_in[9]           ; padout           ;
; |indata_changer|data_low_in[9]~input      ; |indata_changer|data_low_in[9]~input      ; o                ;
; |indata_changer|data_low_in[9]            ; |indata_changer|data_low_in[9]            ; padout           ;
; |indata_changer|data_high_in[10]~input    ; |indata_changer|data_high_in[10]~input    ; o                ;
; |indata_changer|data_high_in[10]          ; |indata_changer|data_high_in[10]          ; padout           ;
; |indata_changer|data_low_in[10]~input     ; |indata_changer|data_low_in[10]~input     ; o                ;
; |indata_changer|data_low_in[10]           ; |indata_changer|data_low_in[10]           ; padout           ;
; |indata_changer|data_high_in[11]~input    ; |indata_changer|data_high_in[11]~input    ; o                ;
; |indata_changer|data_high_in[11]          ; |indata_changer|data_high_in[11]          ; padout           ;
; |indata_changer|data_low_in[11]~input     ; |indata_changer|data_low_in[11]~input     ; o                ;
; |indata_changer|data_low_in[11]           ; |indata_changer|data_low_in[11]           ; padout           ;
; |indata_changer|data_high_in[12]~input    ; |indata_changer|data_high_in[12]~input    ; o                ;
; |indata_changer|data_high_in[12]          ; |indata_changer|data_high_in[12]          ; padout           ;
; |indata_changer|data_low_in[12]~input     ; |indata_changer|data_low_in[12]~input     ; o                ;
; |indata_changer|data_low_in[12]           ; |indata_changer|data_low_in[12]           ; padout           ;
; |indata_changer|data_high_in[13]~input    ; |indata_changer|data_high_in[13]~input    ; o                ;
; |indata_changer|data_high_in[13]          ; |indata_changer|data_high_in[13]          ; padout           ;
; |indata_changer|data_low_in[13]~input     ; |indata_changer|data_low_in[13]~input     ; o                ;
; |indata_changer|data_low_in[13]           ; |indata_changer|data_low_in[13]           ; padout           ;
; |indata_changer|data_high_in[14]~input    ; |indata_changer|data_high_in[14]~input    ; o                ;
; |indata_changer|data_high_in[14]          ; |indata_changer|data_high_in[14]          ; padout           ;
; |indata_changer|data_low_in[14]~input     ; |indata_changer|data_low_in[14]~input     ; o                ;
; |indata_changer|data_low_in[14]           ; |indata_changer|data_low_in[14]           ; padout           ;
; |indata_changer|data_high_in[15]~input    ; |indata_changer|data_high_in[15]~input    ; o                ;
; |indata_changer|data_high_in[15]          ; |indata_changer|data_high_in[15]          ; padout           ;
; |indata_changer|data_low_in[15]~input     ; |indata_changer|data_low_in[15]~input     ; o                ;
; |indata_changer|data_low_in[15]           ; |indata_changer|data_low_in[15]           ; padout           ;
; |indata_changer|data_high_in[16]~input    ; |indata_changer|data_high_in[16]~input    ; o                ;
; |indata_changer|data_high_in[16]          ; |indata_changer|data_high_in[16]          ; padout           ;
; |indata_changer|data_low_in[16]~input     ; |indata_changer|data_low_in[16]~input     ; o                ;
; |indata_changer|data_low_in[16]           ; |indata_changer|data_low_in[16]           ; padout           ;
; |indata_changer|data_high_in[17]~input    ; |indata_changer|data_high_in[17]~input    ; o                ;
; |indata_changer|data_high_in[17]          ; |indata_changer|data_high_in[17]          ; padout           ;
; |indata_changer|data_low_in[17]~input     ; |indata_changer|data_low_in[17]~input     ; o                ;
; |indata_changer|data_low_in[17]           ; |indata_changer|data_low_in[17]           ; padout           ;
; |indata_changer|data_high_in[18]~input    ; |indata_changer|data_high_in[18]~input    ; o                ;
; |indata_changer|data_high_in[18]          ; |indata_changer|data_high_in[18]          ; padout           ;
; |indata_changer|data_low_in[18]~input     ; |indata_changer|data_low_in[18]~input     ; o                ;
; |indata_changer|data_low_in[18]           ; |indata_changer|data_low_in[18]           ; padout           ;
; |indata_changer|data_high_in[19]~input    ; |indata_changer|data_high_in[19]~input    ; o                ;
; |indata_changer|data_high_in[19]          ; |indata_changer|data_high_in[19]          ; padout           ;
; |indata_changer|data_low_in[19]~input     ; |indata_changer|data_low_in[19]~input     ; o                ;
; |indata_changer|data_low_in[19]           ; |indata_changer|data_low_in[19]           ; padout           ;
; |indata_changer|data_high_in[20]~input    ; |indata_changer|data_high_in[20]~input    ; o                ;
; |indata_changer|data_high_in[20]          ; |indata_changer|data_high_in[20]          ; padout           ;
; |indata_changer|data_low_in[20]~input     ; |indata_changer|data_low_in[20]~input     ; o                ;
; |indata_changer|data_low_in[20]           ; |indata_changer|data_low_in[20]           ; padout           ;
; |indata_changer|data_high_in[21]~input    ; |indata_changer|data_high_in[21]~input    ; o                ;
; |indata_changer|data_high_in[21]          ; |indata_changer|data_high_in[21]          ; padout           ;
; |indata_changer|data_low_in[21]~input     ; |indata_changer|data_low_in[21]~input     ; o                ;
; |indata_changer|data_low_in[21]           ; |indata_changer|data_low_in[21]           ; padout           ;
; |indata_changer|data_high_in[22]~input    ; |indata_changer|data_high_in[22]~input    ; o                ;
; |indata_changer|data_high_in[22]          ; |indata_changer|data_high_in[22]          ; padout           ;
; |indata_changer|data_low_in[22]~input     ; |indata_changer|data_low_in[22]~input     ; o                ;
; |indata_changer|data_low_in[22]           ; |indata_changer|data_low_in[22]           ; padout           ;
; |indata_changer|data_high_in[23]~input    ; |indata_changer|data_high_in[23]~input    ; o                ;
; |indata_changer|data_high_in[23]          ; |indata_changer|data_high_in[23]          ; padout           ;
; |indata_changer|data_low_in[23]~input     ; |indata_changer|data_low_in[23]~input     ; o                ;
; |indata_changer|data_low_in[23]           ; |indata_changer|data_low_in[23]           ; padout           ;
; |indata_changer|data_high_in[24]~input    ; |indata_changer|data_high_in[24]~input    ; o                ;
; |indata_changer|data_high_in[24]          ; |indata_changer|data_high_in[24]          ; padout           ;
; |indata_changer|data_low_in[24]~input     ; |indata_changer|data_low_in[24]~input     ; o                ;
; |indata_changer|data_low_in[24]           ; |indata_changer|data_low_in[24]           ; padout           ;
; |indata_changer|data_high_in[25]~input    ; |indata_changer|data_high_in[25]~input    ; o                ;
; |indata_changer|data_high_in[25]          ; |indata_changer|data_high_in[25]          ; padout           ;
; |indata_changer|data_low_in[25]~input     ; |indata_changer|data_low_in[25]~input     ; o                ;
; |indata_changer|data_low_in[25]           ; |indata_changer|data_low_in[25]           ; padout           ;
; |indata_changer|data_high_in[26]~input    ; |indata_changer|data_high_in[26]~input    ; o                ;
; |indata_changer|data_high_in[26]          ; |indata_changer|data_high_in[26]          ; padout           ;
; |indata_changer|data_low_in[26]~input     ; |indata_changer|data_low_in[26]~input     ; o                ;
; |indata_changer|data_low_in[26]           ; |indata_changer|data_low_in[26]           ; padout           ;
; |indata_changer|data_high_in[27]~input    ; |indata_changer|data_high_in[27]~input    ; o                ;
; |indata_changer|data_high_in[27]          ; |indata_changer|data_high_in[27]          ; padout           ;
; |indata_changer|data_low_in[27]~input     ; |indata_changer|data_low_in[27]~input     ; o                ;
; |indata_changer|data_low_in[27]           ; |indata_changer|data_low_in[27]           ; padout           ;
; |indata_changer|data_high_in[28]~input    ; |indata_changer|data_high_in[28]~input    ; o                ;
; |indata_changer|data_high_in[28]          ; |indata_changer|data_high_in[28]          ; padout           ;
; |indata_changer|data_low_in[28]~input     ; |indata_changer|data_low_in[28]~input     ; o                ;
; |indata_changer|data_low_in[28]           ; |indata_changer|data_low_in[28]           ; padout           ;
; |indata_changer|data_high_in[29]~input    ; |indata_changer|data_high_in[29]~input    ; o                ;
; |indata_changer|data_high_in[29]          ; |indata_changer|data_high_in[29]          ; padout           ;
; |indata_changer|data_low_in[29]~input     ; |indata_changer|data_low_in[29]~input     ; o                ;
; |indata_changer|data_low_in[29]           ; |indata_changer|data_low_in[29]           ; padout           ;
; |indata_changer|data_high_in[30]~input    ; |indata_changer|data_high_in[30]~input    ; o                ;
; |indata_changer|data_high_in[30]          ; |indata_changer|data_high_in[30]          ; padout           ;
; |indata_changer|data_low_in[30]~input     ; |indata_changer|data_low_in[30]~input     ; o                ;
; |indata_changer|data_low_in[30]           ; |indata_changer|data_low_in[30]           ; padout           ;
; |indata_changer|data_high_in[31]~input    ; |indata_changer|data_high_in[31]~input    ; o                ;
; |indata_changer|data_high_in[31]          ; |indata_changer|data_high_in[31]          ; padout           ;
; |indata_changer|data_low_in[31]~input     ; |indata_changer|data_low_in[31]~input     ; o                ;
; |indata_changer|data_low_in[31]           ; |indata_changer|data_low_in[31]           ; padout           ;
; |indata_changer|nReset~input              ; |indata_changer|nReset~input              ; o                ;
; |indata_changer|nReset                    ; |indata_changer|nReset                    ; padout           ;
; |indata_changer|nReset~inputclkctrl       ; |indata_changer|nReset~inputclkctrl       ; outclk           ;
+-------------------------------------------+-------------------------------------------+------------------+


+---------------------+
; Simulator INI Usage ;
+--------+------------+
; Option ; Usage      ;
+--------+------------+


+--------------------+
; Simulator Messages ;
+--------------------+
Info: *******************************************************************
Info: Running Quartus II Simulator
    Info: Version 7.1 Build 156 04/30/2007 SJ Full Version
    Info: Processing started: Sun Jan 26 13:01:53 2014
Info: Command: quartus_sim --read_settings_files=on --write_settings_files=off indata_changer -c indata_changer
Info: Using vector source file "E:/temp/PCIE/INDATA_CHANGER/indata_changer.vwf"
Info: Option to preserve fewer signal transitions to reduce memory requirements is enabled
    Info: Simulation has been partitioned into sub-simulations according to the maximum transition count determined by the engine. Transitions from memory will be flushed out to disk at the end of each sub-simulation to reduce memory requirements.
Info: Simulation partitioned into 1 sub-simulations
Info: Simulation coverage is      18.78 %
Info: Number of transitions in simulation is 1050
Info: Quartus II Simulator was successful. 0 errors, 0 warnings
    Info: Allocated 148 megabytes of memory during processing
    Info: Processing ended: Sun Jan 26 13:01:54 2014
    Info: Elapsed time: 00:00:01


