TimeQuest Timing Analyzer report for indata_changer
Sun Jan 26 12:07:23 2014
Quartus II Version 7.1 Build 156 04/30/2007 SJ Full Version


---------------------
; Table of Contents ;
---------------------
  1. Legal Notice
  2. TimeQuest Timing Analyzer Summary
  3. Clocks
  4. Fmax Summary
  5. Setup Summary
  6. Hold Summary
  7. Recovery Summary
  8. Removal Summary
  9. Minimum Pulse Width
 10. Setup Transfers
 11. Hold Transfers
 12. Unconstrained Paths
 13. TimeQuest Timing Analyzer Messages



----------------
; Legal Notice ;
----------------
Copyright (C) 1991-2007 Altera Corporation
Your use of Altera Corporation's design tools, logic functions 
and other software and tools, and its AMPP partner logic 
functions, and any output files from any of the foregoing 
(including device programming or simulation files), and any 
associated documentation or information are expressly subject 
to the terms and conditions of the Altera Program License 
Subscription Agreement, Altera MegaCore Function License 
Agreement, or other applicable license agreement, including, 
without limitation, that your use is for the sole purpose of 
programming logic devices manufactured by Altera and sold by 
Altera or its authorized distributors.  Please refer to the 
applicable agreement for further details.



+-----------------------------------------------------------------------+
; TimeQuest Timing Analyzer Summary                                     ;
+--------------------+--------------------------------------------------+
; Quartus II Version ; Version 7.1 Build 156 04/30/2007 SJ Full Version ;
; Revision Name      ; indata_changer                                   ;
; Device Family      ; Cyclone III                                      ;
; Device Name        ; EP3C5F256C7                                      ;
; Timing Models      ; Preliminary                                      ;
; Delay Model        ; Slow Model                                       ;
; Rise/Fall Delays   ; Enabled                                          ;
+--------------------+--------------------------------------------------+


+--------------------------------------------------------------------------------------------------------------------------------------------------------------------+
; Clocks                                                                                                                                                             ;
+------------+------+--------+-------+-------+------------+-----------+-------------+-------+--------+-----------+------------+----------+--------+--------+---------+
; Clock Name ; Type ; Period ; Rise  ; Fall  ; Duty Cycle ; Divide by ; Multiply by ; Phase ; Offset ; Edge List ; Edge Shift ; Inverted ; Master ; Source ; Targets ;
+------------+------+--------+-------+-------+------------+-----------+-------------+-------+--------+-----------+------------+----------+--------+--------+---------+
; clk        ; Base ; 1.000  ; 0.000 ; 0.500 ;            ;           ;             ;       ;        ;           ;            ;          ;        ;        ; { clk } ;
+------------+------+--------+-------+-------+------------+-----------+-------------+-------+--------+-----------+------------+----------+--------+--------+---------+


+-------------------------+
; Fmax Summary            ;
+------------+------------+
; Fmax (MHz) ; Clock Name ;
+------------+------------+
; 388.05     ; clk        ;
+------------+------------+
This panel reports FMAX for every clock in the design, regardless of the user-specified clock periods.  FMAX is only computed for paths where the source and destination registers or ports are driven by the same clock.  Paths of different clocks, including generated clocks, are ignored.  For paths between a clock and its inversion, FMAX is computed as if the rising and falling edges are scaled along with FMAX, such that the duty cycle (in terms of a percentage) is maintained. Altera recommends that you always use clock constraints and other slack reports for sign-off analysis.


+--------------------------------+
; Setup Summary                  ;
+-------+--------+---------------+
; Clock ; Slack  ; End Point TNS ;
+-------+--------+---------------+
; clk   ; -1.577 ; -41.626       ;
+-------+--------+---------------+


+-------------------------------+
; Hold Summary                  ;
+-------+-------+---------------+
; Clock ; Slack ; End Point TNS ;
+-------+-------+---------------+
; clk   ; 0.489 ; 0.000         ;
+-------+-------+---------------+


--------------------
; Recovery Summary ;
--------------------
No paths to report.


-------------------
; Removal Summary ;
-------------------
No paths to report.


+-------------------------------------------------------------------------------------------+
; Minimum Pulse Width                                                                       ;
+--------+--------------+----------------+--------+-------+------------+--------------------+
; Slack  ; Actual Width ; Required Width ; Pulse  ; Clock ; Clock Edge ; Target             ;
+--------+--------------+----------------+--------+-------+------------+--------------------+
; -1.500 ; 1.000        ; 2.500          ; Period ; clk   ; Rise       ; actual_data_ff[0]  ;
; -1.500 ; 1.000        ; 2.500          ; Period ; clk   ; Rise       ; parity_trg         ;
; -1.500 ; 1.000        ; 2.500          ; Period ; clk   ; Rise       ; actual_data_ff[12] ;
; -1.500 ; 1.000        ; 2.500          ; Period ; clk   ; Rise       ; actual_data_ff[1]  ;
; -1.500 ; 1.000        ; 2.500          ; Period ; clk   ; Rise       ; actual_data_ff[2]  ;
; -1.500 ; 1.000        ; 2.500          ; Period ; clk   ; Rise       ; actual_data_ff[3]  ;
; -1.500 ; 1.000        ; 2.500          ; Period ; clk   ; Rise       ; actual_data_ff[4]  ;
; -1.500 ; 1.000        ; 2.500          ; Period ; clk   ; Rise       ; actual_data_ff[5]  ;
; -1.500 ; 1.000        ; 2.500          ; Period ; clk   ; Rise       ; actual_data_ff[6]  ;
; -1.500 ; 1.000        ; 2.500          ; Period ; clk   ; Rise       ; actual_data_ff[11] ;
; -1.500 ; 1.000        ; 2.500          ; Period ; clk   ; Rise       ; actual_data_ff[7]  ;
; -1.500 ; 1.000        ; 2.500          ; Period ; clk   ; Rise       ; actual_data_ff[13] ;
; -1.500 ; 1.000        ; 2.500          ; Period ; clk   ; Rise       ; actual_data_ff[8]  ;
; -1.500 ; 1.000        ; 2.500          ; Period ; clk   ; Rise       ; actual_data_ff[9]  ;
; -1.500 ; 1.000        ; 2.500          ; Period ; clk   ; Rise       ; actual_data_ff[10] ;
; -1.500 ; 1.000        ; 2.500          ; Period ; clk   ; Rise       ; actual_data_ff[17] ;
; -1.500 ; 1.000        ; 2.500          ; Period ; clk   ; Rise       ; actual_data_ff[18] ;
; -1.500 ; 1.000        ; 2.500          ; Period ; clk   ; Rise       ; actual_data_ff[14] ;
; -1.500 ; 1.000        ; 2.500          ; Period ; clk   ; Rise       ; actual_data_ff[15] ;
; -1.500 ; 1.000        ; 2.500          ; Period ; clk   ; Rise       ; actual_data_ff[16] ;
; -1.500 ; 1.000        ; 2.500          ; Period ; clk   ; Rise       ; actual_data_ff[27] ;
; -1.500 ; 1.000        ; 2.500          ; Period ; clk   ; Rise       ; actual_data_ff[28] ;
; -1.500 ; 1.000        ; 2.500          ; Period ; clk   ; Rise       ; actual_data_ff[19] ;
; -1.500 ; 1.000        ; 2.500          ; Period ; clk   ; Rise       ; actual_data_ff[20] ;
; -1.500 ; 1.000        ; 2.500          ; Period ; clk   ; Rise       ; actual_data_ff[21] ;
; -1.500 ; 1.000        ; 2.500          ; Period ; clk   ; Rise       ; actual_data_ff[22] ;
; -1.500 ; 1.000        ; 2.500          ; Period ; clk   ; Rise       ; actual_data_ff[23] ;
; -1.500 ; 1.000        ; 2.500          ; Period ; clk   ; Rise       ; actual_data_ff[24] ;
; -1.500 ; 1.000        ; 2.500          ; Period ; clk   ; Rise       ; actual_data_ff[25] ;
; -1.500 ; 1.000        ; 2.500          ; Period ; clk   ; Rise       ; actual_data_ff[26] ;
; -1.500 ; 1.000        ; 2.500          ; Period ; clk   ; Rise       ; actual_data_ff[29] ;
; -1.500 ; 1.000        ; 2.500          ; Period ; clk   ; Rise       ; actual_data_ff[30] ;
; -1.500 ; 1.000        ; 2.500          ; Period ; clk   ; Rise       ; actual_data_ff[31] ;
; -1.469 ; 1.000        ; 2.469          ; Period ; clk   ; Rise       ; clk                ;
; 0.101  ; 0.317        ; 0.216          ; High   ; clk   ; Rise       ; actual_data_ff[28] ;
; 0.101  ; 0.317        ; 0.216          ; High   ; clk   ; Rise       ; actual_data_ff[29] ;
; 0.102  ; 0.318        ; 0.216          ; High   ; clk   ; Rise       ; actual_data_ff[12] ;
; 0.102  ; 0.318        ; 0.216          ; High   ; clk   ; Rise       ; actual_data_ff[13] ;
; 0.102  ; 0.318        ; 0.216          ; High   ; clk   ; Rise       ; actual_data_ff[17] ;
; 0.102  ; 0.318        ; 0.216          ; High   ; clk   ; Rise       ; actual_data_ff[18] ;
; 0.102  ; 0.318        ; 0.216          ; High   ; clk   ; Rise       ; actual_data_ff[14] ;
; 0.102  ; 0.318        ; 0.216          ; High   ; clk   ; Rise       ; actual_data_ff[15] ;
; 0.102  ; 0.318        ; 0.216          ; High   ; clk   ; Rise       ; actual_data_ff[16] ;
; 0.102  ; 0.318        ; 0.216          ; High   ; clk   ; Rise       ; actual_data_ff[19] ;
; 0.102  ; 0.318        ; 0.216          ; High   ; clk   ; Rise       ; actual_data_ff[20] ;
; 0.102  ; 0.318        ; 0.216          ; High   ; clk   ; Rise       ; actual_data_ff[21] ;
; 0.102  ; 0.318        ; 0.216          ; High   ; clk   ; Rise       ; actual_data_ff[22] ;
; 0.102  ; 0.318        ; 0.216          ; High   ; clk   ; Rise       ; actual_data_ff[30] ;
; 0.103  ; 0.319        ; 0.216          ; High   ; clk   ; Rise       ; actual_data_ff[0]  ;
; 0.103  ; 0.319        ; 0.216          ; High   ; clk   ; Rise       ; parity_trg         ;
; 0.103  ; 0.319        ; 0.216          ; High   ; clk   ; Rise       ; actual_data_ff[1]  ;
; 0.103  ; 0.319        ; 0.216          ; High   ; clk   ; Rise       ; actual_data_ff[2]  ;
; 0.103  ; 0.319        ; 0.216          ; High   ; clk   ; Rise       ; actual_data_ff[3]  ;
; 0.103  ; 0.319        ; 0.216          ; High   ; clk   ; Rise       ; actual_data_ff[4]  ;
; 0.103  ; 0.319        ; 0.216          ; High   ; clk   ; Rise       ; actual_data_ff[5]  ;
; 0.103  ; 0.319        ; 0.216          ; High   ; clk   ; Rise       ; actual_data_ff[6]  ;
; 0.103  ; 0.319        ; 0.216          ; High   ; clk   ; Rise       ; actual_data_ff[11] ;
; 0.103  ; 0.319        ; 0.216          ; High   ; clk   ; Rise       ; actual_data_ff[7]  ;
; 0.103  ; 0.319        ; 0.216          ; High   ; clk   ; Rise       ; actual_data_ff[8]  ;
; 0.103  ; 0.319        ; 0.216          ; High   ; clk   ; Rise       ; actual_data_ff[9]  ;
; 0.103  ; 0.319        ; 0.216          ; High   ; clk   ; Rise       ; actual_data_ff[10] ;
; 0.103  ; 0.319        ; 0.216          ; High   ; clk   ; Rise       ; actual_data_ff[27] ;
; 0.103  ; 0.319        ; 0.216          ; High   ; clk   ; Rise       ; actual_data_ff[23] ;
; 0.103  ; 0.319        ; 0.216          ; High   ; clk   ; Rise       ; actual_data_ff[24] ;
; 0.103  ; 0.319        ; 0.216          ; High   ; clk   ; Rise       ; actual_data_ff[25] ;
; 0.103  ; 0.319        ; 0.216          ; High   ; clk   ; Rise       ; actual_data_ff[26] ;
; 0.103  ; 0.319        ; 0.216          ; High   ; clk   ; Rise       ; actual_data_ff[31] ;
; 0.426  ; 0.651        ; 0.225          ; Low    ; clk   ; Rise       ; actual_data_ff[0]  ;
; 0.426  ; 0.651        ; 0.225          ; Low    ; clk   ; Rise       ; parity_trg         ;
; 0.426  ; 0.651        ; 0.225          ; Low    ; clk   ; Rise       ; actual_data_ff[1]  ;
; 0.426  ; 0.651        ; 0.225          ; Low    ; clk   ; Rise       ; actual_data_ff[2]  ;
; 0.426  ; 0.651        ; 0.225          ; Low    ; clk   ; Rise       ; actual_data_ff[3]  ;
; 0.426  ; 0.651        ; 0.225          ; Low    ; clk   ; Rise       ; actual_data_ff[4]  ;
; 0.426  ; 0.651        ; 0.225          ; Low    ; clk   ; Rise       ; actual_data_ff[5]  ;
; 0.426  ; 0.651        ; 0.225          ; Low    ; clk   ; Rise       ; actual_data_ff[6]  ;
; 0.426  ; 0.651        ; 0.225          ; Low    ; clk   ; Rise       ; actual_data_ff[11] ;
; 0.426  ; 0.651        ; 0.225          ; Low    ; clk   ; Rise       ; actual_data_ff[7]  ;
; 0.426  ; 0.651        ; 0.225          ; Low    ; clk   ; Rise       ; actual_data_ff[8]  ;
; 0.426  ; 0.651        ; 0.225          ; Low    ; clk   ; Rise       ; actual_data_ff[9]  ;
; 0.426  ; 0.651        ; 0.225          ; Low    ; clk   ; Rise       ; actual_data_ff[10] ;
; 0.426  ; 0.651        ; 0.225          ; Low    ; clk   ; Rise       ; actual_data_ff[27] ;
; 0.426  ; 0.651        ; 0.225          ; Low    ; clk   ; Rise       ; actual_data_ff[23] ;
; 0.426  ; 0.651        ; 0.225          ; Low    ; clk   ; Rise       ; actual_data_ff[24] ;
; 0.426  ; 0.651        ; 0.225          ; Low    ; clk   ; Rise       ; actual_data_ff[25] ;
; 0.426  ; 0.651        ; 0.225          ; Low    ; clk   ; Rise       ; actual_data_ff[26] ;
; 0.426  ; 0.651        ; 0.225          ; Low    ; clk   ; Rise       ; actual_data_ff[31] ;
; 0.427  ; 0.652        ; 0.225          ; Low    ; clk   ; Rise       ; actual_data_ff[12] ;
; 0.427  ; 0.652        ; 0.225          ; Low    ; clk   ; Rise       ; actual_data_ff[13] ;
; 0.427  ; 0.652        ; 0.225          ; Low    ; clk   ; Rise       ; actual_data_ff[17] ;
; 0.427  ; 0.652        ; 0.225          ; Low    ; clk   ; Rise       ; actual_data_ff[18] ;
; 0.427  ; 0.652        ; 0.225          ; Low    ; clk   ; Rise       ; actual_data_ff[14] ;
; 0.427  ; 0.652        ; 0.225          ; Low    ; clk   ; Rise       ; actual_data_ff[15] ;
; 0.427  ; 0.652        ; 0.225          ; Low    ; clk   ; Rise       ; actual_data_ff[16] ;
; 0.427  ; 0.652        ; 0.225          ; Low    ; clk   ; Rise       ; actual_data_ff[19] ;
; 0.427  ; 0.652        ; 0.225          ; Low    ; clk   ; Rise       ; actual_data_ff[20] ;
; 0.427  ; 0.652        ; 0.225          ; Low    ; clk   ; Rise       ; actual_data_ff[21] ;
; 0.427  ; 0.652        ; 0.225          ; Low    ; clk   ; Rise       ; actual_data_ff[22] ;
; 0.427  ; 0.652        ; 0.225          ; Low    ; clk   ; Rise       ; actual_data_ff[30] ;
; 0.428  ; 0.653        ; 0.225          ; Low    ; clk   ; Rise       ; actual_data_ff[28] ;
; 0.428  ; 0.653        ; 0.225          ; Low    ; clk   ; Rise       ; actual_data_ff[29] ;
+--------+--------------+----------------+--------+-------+------------+--------------------+


+-------------------------------------------------------------------+
; Setup Transfers                                                   ;
+------------+----------+----------+----------+----------+----------+
; From Clock ; To Clock ; RR Paths ; FR Paths ; RF Paths ; FF Paths ;
+------------+----------+----------+----------+----------+----------+
; clk        ; clk      ; 65       ; 0        ; 0        ; 0        ;
+------------+----------+----------+----------+----------+----------+


+-------------------------------------------------------------------+
; Hold Transfers                                                    ;
+------------+----------+----------+----------+----------+----------+
; From Clock ; To Clock ; RR Paths ; FR Paths ; RF Paths ; FF Paths ;
+------------+----------+----------+----------+----------+----------+
; clk        ; clk      ; 65       ; 0        ; 0        ; 0        ;
+------------+----------+----------+----------+----------+----------+


+------------------------------------------------+
; Unconstrained Paths                            ;
+---------------------------------+-------+------+
; Property                        ; Setup ; Hold ;
+---------------------------------+-------+------+
; Illegal Clocks                  ; 0     ; 0    ;
; Unconstrained Clocks            ; 0     ; 0    ;
; Unconstrained Input Ports       ; 69    ; 69   ;
; Unconstrained Input Port Paths  ; 456   ; 456  ;
; Unconstrained Output Ports      ; 65    ; 65   ;
; Unconstrained Output Port Paths ; 97    ; 97   ;
+---------------------------------+-------+------+


+------------------------------------+
; TimeQuest Timing Analyzer Messages ;
+------------------------------------+
Info: *******************************************************************
Info: Running Quartus II TimeQuest Timing Analyzer
    Info: Version 7.1 Build 156 04/30/2007 SJ Full Version
    Info: Processing started: Sun Jan 26 12:07:23 2014
Info: Command: quartus_sta indata_changer -c indata_changer
Info: qsta_default_script.tcl version: 24.0.1.7
Critical Warning: SDC file not found: 'indata_changer.sdc'
Info: No base clocks found in the design. Calling "derive_clocks -period 1.0"
Info: Deriving Clocks
    Info: create_clock -period 1.000 -waveform {0.000 0.500} -name clk clk
Critical Warning: Timing requirements not met
Info: Worst-case setup slack is -1.577
    Info:     Slack End Point TNS Clock 
    Info: ========= ============= =====================
    Info:    -1.577       -41.626 clk 
Info: Worst-case hold slack is 0.489
    Info:     Slack End Point TNS Clock 
    Info: ========= ============= =====================
    Info:     0.489         0.000 clk 
Info: No recovery paths to report
Info: No removal paths to report
Info: Design is not fully constrained for setup requirements
Info: Design is not fully constrained for hold requirements
Info: Quartus II TimeQuest Timing Analyzer was successful. 0 errors, 2 warnings
    Info: Allocated 166 megabytes of memory during processing
    Info: Processing ended: Sun Jan 26 12:07:23 2014
    Info: Elapsed time: 00:00:00


