------------------------------------------------------------
TimeQuest Timing Analyzer Summary
------------------------------------------------------------

Type  : Slow 1200mV 85C Model Setup 'core|ep_plus|epmap|wrapper|altpcie_hip_pipen1b_inst|cyclone_iii.cycloneiv_hssi_pcie_hip|coreclkout'
Slack : 1.053
TNS   : 0.000

Type  : Slow 1200mV 85C Model Setup 'core|reconfig_pll|altpll_component|auto_generated|pll1|clk[1]'
Slack : 2.990
TNS   : 0.000

Type  : Slow 1200mV 85C Model Setup 'refclk'
Slack : 7.152
TNS   : 0.000

Type  : Slow 1200mV 85C Model Setup 'core|reconfig_pll|altpll_component|auto_generated|pll1|clk[0]'
Slack : 13.774
TNS   : 0.000

Type  : Slow 1200mV 85C Model Setup 'n/a'
Slack : 15.875
TNS   : 0.000

Type  : Slow 1200mV 85C Model Hold 'core|ep_plus|epmap|wrapper|altpcie_hip_pipen1b_inst|cyclone_iii.cycloneiv_hssi_pcie_hip|coreclkout'
Slack : 0.218
TNS   : 0.000

Type  : Slow 1200mV 85C Model Hold 'core|reconfig_pll|altpll_component|auto_generated|pll1|clk[0]'
Slack : 0.355
TNS   : 0.000

Type  : Slow 1200mV 85C Model Hold 'refclk'
Slack : 0.356
TNS   : 0.000

Type  : Slow 1200mV 85C Model Hold 'core|reconfig_pll|altpll_component|auto_generated|pll1|clk[1]'
Slack : 0.358
TNS   : 0.000

Type  : Slow 1200mV 85C Model Hold 'n/a'
Slack : 1.355
TNS   : 0.000

Type  : Slow 1200mV 85C Model Recovery 'core|ep_plus|epmap|wrapper|altpcie_hip_pipen1b_inst|cyclone_iii.cycloneiv_hssi_pcie_hip|coreclkout'
Slack : 3.245
TNS   : 0.000

Type  : Slow 1200mV 85C Model Recovery 'refclk'
Slack : 8.518
TNS   : 0.000

Type  : Slow 1200mV 85C Model Removal 'core|ep_plus|epmap|wrapper|altpcie_hip_pipen1b_inst|cyclone_iii.cycloneiv_hssi_pcie_hip|coreclkout'
Slack : 0.909
TNS   : 0.000

Type  : Slow 1200mV 85C Model Removal 'refclk'
Slack : 0.911
TNS   : 0.000

Type  : Slow 1200mV 85C Model Minimum Pulse Width 'core|reconfig_pll|altpll_component|auto_generated|pll1|clk[0]'
Slack : 0.000
TNS   : 0.000

Type  : Slow 1200mV 85C Model Minimum Pulse Width 'core|ep_plus|epmap|serdes|pcie_core_serdes_alt_c3gxb_hcf8_component|transmit_pcs0|hiptxclkout'
Slack : 1.984
TNS   : 0.000

Type  : Slow 1200mV 85C Model Minimum Pulse Width 'core|ep_plus|epmap|serdes|pcie_core_serdes_alt_c3gxb_hcf8_component|transmit_pma0|clockout'
Slack : 2.000
TNS   : 0.000

Type  : Slow 1200mV 85C Model Minimum Pulse Width 'core|ep_plus|epmap|wrapper|altpcie_hip_pipen1b_inst|cyclone_iii.cycloneiv_hssi_pcie_hip|coreclkout'
Slack : 3.734
TNS   : 0.000

Type  : Slow 1200mV 85C Model Minimum Pulse Width 'core|reconfig_pll|altpll_component|auto_generated|pll1|clk[1]'
Slack : 3.749
TNS   : 0.000

Type  : Slow 1200mV 85C Model Minimum Pulse Width 'refclk'
Slack : 4.627
TNS   : 0.000

Type  : Slow 1200mV 85C Model Minimum Pulse Width 'free_100MHz'
Slack : 4.826
TNS   : 0.000

Type  : Slow 1200mV 0C Model Setup 'core|ep_plus|epmap|wrapper|altpcie_hip_pipen1b_inst|cyclone_iii.cycloneiv_hssi_pcie_hip|coreclkout'
Slack : 1.738
TNS   : 0.000

Type  : Slow 1200mV 0C Model Setup 'core|reconfig_pll|altpll_component|auto_generated|pll1|clk[1]'
Slack : 3.093
TNS   : 0.000

Type  : Slow 1200mV 0C Model Setup 'refclk'
Slack : 7.440
TNS   : 0.000

Type  : Slow 1200mV 0C Model Setup 'core|reconfig_pll|altpll_component|auto_generated|pll1|clk[0]'
Slack : 14.276
TNS   : 0.000

Type  : Slow 1200mV 0C Model Setup 'n/a'
Slack : 16.256
TNS   : 0.000

Type  : Slow 1200mV 0C Model Hold 'core|ep_plus|epmap|wrapper|altpcie_hip_pipen1b_inst|cyclone_iii.cycloneiv_hssi_pcie_hip|coreclkout'
Slack : 0.218
TNS   : 0.000

Type  : Slow 1200mV 0C Model Hold 'core|reconfig_pll|altpll_component|auto_generated|pll1|clk[0]'
Slack : 0.308
TNS   : 0.000

Type  : Slow 1200mV 0C Model Hold 'refclk'
Slack : 0.310
TNS   : 0.000

Type  : Slow 1200mV 0C Model Hold 'core|reconfig_pll|altpll_component|auto_generated|pll1|clk[1]'
Slack : 0.317
TNS   : 0.000

Type  : Slow 1200mV 0C Model Hold 'n/a'
Slack : 1.257
TNS   : 0.000

Type  : Slow 1200mV 0C Model Recovery 'core|ep_plus|epmap|wrapper|altpcie_hip_pipen1b_inst|cyclone_iii.cycloneiv_hssi_pcie_hip|coreclkout'
Slack : 3.727
TNS   : 0.000

Type  : Slow 1200mV 0C Model Recovery 'refclk'
Slack : 8.680
TNS   : 0.000

Type  : Slow 1200mV 0C Model Removal 'core|ep_plus|epmap|wrapper|altpcie_hip_pipen1b_inst|cyclone_iii.cycloneiv_hssi_pcie_hip|coreclkout'
Slack : 0.820
TNS   : 0.000

Type  : Slow 1200mV 0C Model Removal 'refclk'
Slack : 0.821
TNS   : 0.000

Type  : Slow 1200mV 0C Model Minimum Pulse Width 'core|reconfig_pll|altpll_component|auto_generated|pll1|clk[0]'
Slack : 0.000
TNS   : 0.000

Type  : Slow 1200mV 0C Model Minimum Pulse Width 'core|ep_plus|epmap|serdes|pcie_core_serdes_alt_c3gxb_hcf8_component|transmit_pcs0|hiptxclkout'
Slack : 1.977
TNS   : 0.000

Type  : Slow 1200mV 0C Model Minimum Pulse Width 'core|ep_plus|epmap|serdes|pcie_core_serdes_alt_c3gxb_hcf8_component|transmit_pma0|clockout'
Slack : 2.000
TNS   : 0.000

Type  : Slow 1200mV 0C Model Minimum Pulse Width 'core|ep_plus|epmap|wrapper|altpcie_hip_pipen1b_inst|cyclone_iii.cycloneiv_hssi_pcie_hip|coreclkout'
Slack : 3.723
TNS   : 0.000

Type  : Slow 1200mV 0C Model Minimum Pulse Width 'core|reconfig_pll|altpll_component|auto_generated|pll1|clk[1]'
Slack : 3.751
TNS   : 0.000

Type  : Slow 1200mV 0C Model Minimum Pulse Width 'refclk'
Slack : 4.616
TNS   : 0.000

Type  : Slow 1200mV 0C Model Minimum Pulse Width 'free_100MHz'
Slack : 4.844
TNS   : 0.000

Type  : Fast 1200mV 0C Model Setup 'core|reconfig_pll|altpll_component|auto_generated|pll1|clk[1]'
Slack : 3.445
TNS   : 0.000

Type  : Fast 1200mV 0C Model Setup 'core|ep_plus|epmap|wrapper|altpcie_hip_pipen1b_inst|cyclone_iii.cycloneiv_hssi_pcie_hip|coreclkout'
Slack : 3.539
TNS   : 0.000

Type  : Fast 1200mV 0C Model Setup 'refclk'
Slack : 8.416
TNS   : 0.000

Type  : Fast 1200mV 0C Model Setup 'core|reconfig_pll|altpll_component|auto_generated|pll1|clk[0]'
Slack : 16.453
TNS   : 0.000

Type  : Fast 1200mV 0C Model Setup 'n/a'
Slack : 17.624
TNS   : 0.000

Type  : Fast 1200mV 0C Model Hold 'core|ep_plus|epmap|wrapper|altpcie_hip_pipen1b_inst|cyclone_iii.cycloneiv_hssi_pcie_hip|coreclkout'
Slack : 0.012
TNS   : 0.000

Type  : Fast 1200mV 0C Model Hold 'core|reconfig_pll|altpll_component|auto_generated|pll1|clk[1]'
Slack : 0.177
TNS   : 0.000

Type  : Fast 1200mV 0C Model Hold 'core|reconfig_pll|altpll_component|auto_generated|pll1|clk[0]'
Slack : 0.185
TNS   : 0.000

Type  : Fast 1200mV 0C Model Hold 'refclk'
Slack : 0.186
TNS   : 0.000

Type  : Fast 1200mV 0C Model Hold 'n/a'
Slack : 0.679
TNS   : 0.000

Type  : Fast 1200mV 0C Model Recovery 'core|ep_plus|epmap|wrapper|altpcie_hip_pipen1b_inst|cyclone_iii.cycloneiv_hssi_pcie_hip|coreclkout'
Slack : 5.048
TNS   : 0.000

Type  : Fast 1200mV 0C Model Recovery 'refclk'
Slack : 9.148
TNS   : 0.000

Type  : Fast 1200mV 0C Model Removal 'core|ep_plus|epmap|wrapper|altpcie_hip_pipen1b_inst|cyclone_iii.cycloneiv_hssi_pcie_hip|coreclkout'
Slack : 0.498
TNS   : 0.000

Type  : Fast 1200mV 0C Model Removal 'refclk'
Slack : 0.499
TNS   : 0.000

Type  : Fast 1200mV 0C Model Minimum Pulse Width 'core|reconfig_pll|altpll_component|auto_generated|pll1|clk[0]'
Slack : 0.000
TNS   : 0.000

Type  : Fast 1200mV 0C Model Minimum Pulse Width 'core|ep_plus|epmap|serdes|pcie_core_serdes_alt_c3gxb_hcf8_component|transmit_pcs0|hiptxclkout'
Slack : 1.994
TNS   : 0.000

Type  : Fast 1200mV 0C Model Minimum Pulse Width 'core|ep_plus|epmap|serdes|pcie_core_serdes_alt_c3gxb_hcf8_component|transmit_pma0|clockout'
Slack : 2.000
TNS   : 0.000

Type  : Fast 1200mV 0C Model Minimum Pulse Width 'core|ep_plus|epmap|wrapper|altpcie_hip_pipen1b_inst|cyclone_iii.cycloneiv_hssi_pcie_hip|coreclkout'
Slack : 3.712
TNS   : 0.000

Type  : Fast 1200mV 0C Model Minimum Pulse Width 'core|reconfig_pll|altpll_component|auto_generated|pll1|clk[1]'
Slack : 3.777
TNS   : 0.000

Type  : Fast 1200mV 0C Model Minimum Pulse Width 'refclk'
Slack : 4.402
TNS   : 0.000

Type  : Fast 1200mV 0C Model Minimum Pulse Width 'free_100MHz'
Slack : 4.622
TNS   : 0.000

------------------------------------------------------------
